00:37:54 **** Build of configuration Debug for project ex1 ****
make -j4 all 
arm-none-eabi-gcc "../Drivers/STM32F1xx_HAL_Driver/Src/stm32f1xx_hal.c" -mcpu=cortex-m3 -std=gnu11 -g3 -DDEBUG -DUSE_HAL_DRIVER -DSTM32F103x6 -c -I../Core/Inc -I../Drivers/STM32F1xx_HAL_Driver/Inc/Legacy -I../Drivers/STM32F1xx_HAL_Driver/Inc -I../Drivers/CMSIS/Device/ST/STM32F1xx/Include -I../Drivers/CMSIS/Include -O0 -ffunction-sections -fdata-sections -Wall -fstack-usage -MMD -MP -MF"Drivers/STM32F1xx_HAL_Driver/Src/stm32f1xx_hal.d" -MT"Drivers/STM32F1xx_HAL_Driver/Src/stm32f1xx_hal.o" --specs=nano.specs -mfloat-abi=soft -mthumb -o "Drivers/STM32F1xx_HAL_Driver/Src/stm32f1xx_hal.o"
arm-none-eabi-gcc "../Drivers/STM32F1xx_HAL_Driver/Src/stm32f1xx_hal_cortex.c" -mcpu=cortex-m3 -std=gnu11 -g3 -DDEBUG -DUSE_HAL_DRIVER -DSTM32F103x6 -c -I../Core/Inc -I../Drivers/STM32F1xx_HAL_Driver/Inc/Legacy -I../Drivers/STM32F1xx_HAL_Driver/Inc -I../Drivers/CMSIS/Device/ST/STM32F1xx/Include -I../Drivers/CMSIS/Include -O0 -ffunction-sections -fdata-sections -Wall -fstack-usage -MMD -MP -MF"Drivers/STM32F1xx_HAL_Driver/Src/stm32f1xx_hal_cortex.d" -MT"Drivers/STM32F1xx_HAL_Driver/Src/stm32f1xx_hal_cortex.o" --specs=nano.specs -mfloat-abi=soft -mthumb -o "Drivers/STM32F1xx_HAL_Driver/Src/stm32f1xx_hal_cortex.o"
arm-none-eabi-gcc "../Drivers/STM32F1xx_HAL_Driver/Src/stm32f1xx_hal_dma.c" -mcpu=cortex-m3 -std=gnu11 -g3 -DDEBUG -DUSE_HAL_DRIVER -DSTM32F103x6 -c -I../Core/Inc -I../Drivers/STM32F1xx_HAL_Driver/Inc/Legacy -I../Drivers/STM32F1xx_HAL_Driver/Inc -I../Drivers/CMSIS/Device/ST/STM32F1xx/Include -I../Drivers/CMSIS/Include -O0 -ffunction-sections -fdata-sections -Wall -fstack-usage -MMD -MP -MF"Drivers/STM32F1xx_HAL_Driver/Src/stm32f1xx_hal_dma.d" -MT"Drivers/STM32F1xx_HAL_Driver/Src/stm32f1xx_hal_dma.o" --specs=nano.specs -mfloat-abi=soft -mthumb -o "Drivers/STM32F1xx_HAL_Driver/Src/stm32f1xx_hal_dma.o"
arm-none-eabi-gcc "../Drivers/STM32F1xx_HAL_Driver/Src/stm32f1xx_hal_exti.c" -mcpu=cortex-m3 -std=gnu11 -g3 -DDEBUG -DUSE_HAL_DRIVER -DSTM32F103x6 -c -I../Core/Inc -I../Drivers/STM32F1xx_HAL_Driver/Inc/Legacy -I../Drivers/STM32F1xx_HAL_Driver/Inc -I../Drivers/CMSIS/Device/ST/STM32F1xx/Include -I../Drivers/CMSIS/Include -O0 -ffunction-sections -fdata-sections -Wall -fstack-usage -MMD -MP -MF"Drivers/STM32F1xx_HAL_Driver/Src/stm32f1xx_hal_exti.d" -MT"Drivers/STM32F1xx_HAL_Driver/Src/stm32f1xx_hal_exti.o" --specs=nano.specs -mfloat-abi=soft -mthumb -o "Drivers/STM32F1xx_HAL_Driver/Src/stm32f1xx_hal_exti.o"
arm-none-eabi-gcc "../Drivers/STM32F1xx_HAL_Driver/Src/stm32f1xx_hal_flash.c" -mcpu=cortex-m3 -std=gnu11 -g3 -DDEBUG -DUSE_HAL_DRIVER -DSTM32F103x6 -c -I../Core/Inc -I../Drivers/STM32F1xx_HAL_Driver/Inc/Legacy -I../Drivers/STM32F1xx_HAL_Driver/Inc -I../Drivers/CMSIS/Device/ST/STM32F1xx/Include -I../Drivers/CMSIS/Include -O0 -ffunction-sections -fdata-sections -Wall -fstack-usage -MMD -MP -MF"Drivers/STM32F1xx_HAL_Driver/Src/stm32f1xx_hal_flash.d" -MT"Drivers/STM32F1xx_HAL_Driver/Src/stm32f1xx_hal_flash.o" --specs=nano.specs -mfloat-abi=soft -mthumb -o "Drivers/STM32F1xx_HAL_Driver/Src/stm32f1xx_hal_flash.o"
arm-none-eabi-gcc "../Drivers/STM32F1xx_HAL_Driver/Src/stm32f1xx_hal_flash_ex.c" -mcpu=cortex-m3 -std=gnu11 -g3 -DDEBUG -DUSE_HAL_DRIVER -DSTM32F103x6 -c -I../Core/Inc -I../Drivers/STM32F1xx_HAL_Driver/Inc/Legacy -I../Drivers/STM32F1xx_HAL_Driver/Inc -I../Drivers/CMSIS/Device/ST/STM32F1xx/Include -I../Drivers/CMSIS/Include -O0 -ffunction-sections -fdata-sections -Wall -fstack-usage -MMD -MP -MF"Drivers/STM32F1xx_HAL_Driver/Src/stm32f1xx_hal_flash_ex.d" -MT"Drivers/STM32F1xx_HAL_Driver/Src/stm32f1xx_hal_flash_ex.o" --specs=nano.specs -mfloat-abi=soft -mthumb -o "Drivers/STM32F1xx_HAL_Driver/Src/stm32f1xx_hal_flash_ex.o"
arm-none-eabi-gcc "../Drivers/STM32F1xx_HAL_Driver/Src/stm32f1xx_hal_gpio.c" -mcpu=cortex-m3 -std=gnu11 -g3 -DDEBUG -DUSE_HAL_DRIVER -DSTM32F103x6 -c -I../Core/Inc -I../Drivers/STM32F1xx_HAL_Driver/Inc/Legacy -I../Drivers/STM32F1xx_HAL_Driver/Inc -I../Drivers/CMSIS/Device/ST/STM32F1xx/Include -I../Drivers/CMSIS/Include -O0 -ffunction-sections -fdata-sections -Wall -fstack-usage -MMD -MP -MF"Drivers/STM32F1xx_HAL_Driver/Src/stm32f1xx_hal_gpio.d" -MT"Drivers/STM32F1xx_HAL_Driver/Src/stm32f1xx_hal_gpio.o" --specs=nano.specs -mfloat-abi=soft -mthumb -o "Drivers/STM32F1xx_HAL_Driver/Src/stm32f1xx_hal_gpio.o"
arm-none-eabi-gcc "../Drivers/STM32F1xx_HAL_Driver/Src/stm32f1xx_hal_gpio_ex.c" -mcpu=cortex-m3 -std=gnu11 -g3 -DDEBUG -DUSE_HAL_DRIVER -DSTM32F103x6 -c -I../Core/Inc -I../Drivers/STM32F1xx_HAL_Driver/Inc/Legacy -I../Drivers/STM32F1xx_HAL_Driver/Inc -I../Drivers/CMSIS/Device/ST/STM32F1xx/Include -I../Drivers/CMSIS/Include -O0 -ffunction-sections -fdata-sections -Wall -fstack-usage -MMD -MP -MF"Drivers/STM32F1xx_HAL_Driver/Src/stm32f1xx_hal_gpio_ex.d" -MT"Drivers/STM32F1xx_HAL_Driver/Src/stm32f1xx_hal_gpio_ex.o" --specs=nano.specs -mfloat-abi=soft -mthumb -o "Drivers/STM32F1xx_HAL_Driver/Src/stm32f1xx_hal_gpio_ex.o"
arm-none-eabi-gcc "../Drivers/STM32F1xx_HAL_Driver/Src/stm32f1xx_hal_pwr.c" -mcpu=cortex-m3 -std=gnu11 -g3 -DDEBUG -DUSE_HAL_DRIVER -DSTM32F103x6 -c -I../Core/Inc -I../Drivers/STM32F1xx_HAL_Driver/Inc/Legacy -I../Drivers/STM32F1xx_HAL_Driver/Inc -I../Drivers/CMSIS/Device/ST/STM32F1xx/Include -I../Drivers/CMSIS/Include -O0 -ffunction-sections -fdata-sections -Wall -fstack-usage -MMD -MP -MF"Drivers/STM32F1xx_HAL_Driver/Src/stm32f1xx_hal_pwr.d" -MT"Drivers/STM32F1xx_HAL_Driver/Src/stm32f1xx_hal_pwr.o" --specs=nano.specs -mfloat-abi=soft -mthumb -o "Drivers/STM32F1xx_HAL_Driver/Src/stm32f1xx_hal_pwr.o"
arm-none-eabi-gcc "../Drivers/STM32F1xx_HAL_Driver/Src/stm32f1xx_hal_rcc.c" -mcpu=cortex-m3 -std=gnu11 -g3 -DDEBUG -DUSE_HAL_DRIVER -DSTM32F103x6 -c -I../Core/Inc -I../Drivers/STM32F1xx_HAL_Driver/Inc/Legacy -I../Drivers/STM32F1xx_HAL_Driver/Inc -I../Drivers/CMSIS/Device/ST/STM32F1xx/Include -I../Drivers/CMSIS/Include -O0 -ffunction-sections -fdata-sections -Wall -fstack-usage -MMD -MP -MF"Drivers/STM32F1xx_HAL_Driver/Src/stm32f1xx_hal_rcc.d" -MT"Drivers/STM32F1xx_HAL_Driver/Src/stm32f1xx_hal_rcc.o" --specs=nano.specs -mfloat-abi=soft -mthumb -o "Drivers/STM32F1xx_HAL_Driver/Src/stm32f1xx_hal_rcc.o"
arm-none-eabi-gcc "../Drivers/STM32F1xx_HAL_Driver/Src/stm32f1xx_hal_rcc_ex.c" -mcpu=cortex-m3 -std=gnu11 -g3 -DDEBUG -DUSE_HAL_DRIVER -DSTM32F103x6 -c -I../Core/Inc -I../Drivers/STM32F1xx_HAL_Driver/Inc/Legacy -I../Drivers/STM32F1xx_HAL_Driver/Inc -I../Drivers/CMSIS/Device/ST/STM32F1xx/Include -I../Drivers/CMSIS/Include -O0 -ffunction-sections -fdata-sections -Wall -fstack-usage -MMD -MP -MF"Drivers/STM32F1xx_HAL_Driver/Src/stm32f1xx_hal_rcc_ex.d" -MT"Drivers/STM32F1xx_HAL_Driver/Src/stm32f1xx_hal_rcc_ex.o" --specs=nano.specs -mfloat-abi=soft -mthumb -o "Drivers/STM32F1xx_HAL_Driver/Src/stm32f1xx_hal_rcc_ex.o"
arm-none-eabi-gcc "../Drivers/STM32F1xx_HAL_Driver/Src/stm32f1xx_hal_tim.c" -mcpu=cortex-m3 -std=gnu11 -g3 -DDEBUG -DUSE_HAL_DRIVER -DSTM32F103x6 -c -I../Core/Inc -I../Drivers/STM32F1xx_HAL_Driver/Inc/Legacy -I../Drivers/STM32F1xx_HAL_Driver/Inc -I../Drivers/CMSIS/Device/ST/STM32F1xx/Include -I../Drivers/CMSIS/Include -O0 -ffunction-sections -fdata-sections -Wall -fstack-usage -MMD -MP -MF"Drivers/STM32F1xx_HAL_Driver/Src/stm32f1xx_hal_tim.d" -MT"Drivers/STM32F1xx_HAL_Driver/Src/stm32f1xx_hal_tim.o" --specs=nano.specs -mfloat-abi=soft -mthumb -o "Drivers/STM32F1xx_HAL_Driver/Src/stm32f1xx_hal_tim.o"
arm-none-eabi-gcc "../Drivers/STM32F1xx_HAL_Driver/Src/stm32f1xx_hal_tim_ex.c" -mcpu=cortex-m3 -std=gnu11 -g3 -DDEBUG -DUSE_HAL_DRIVER -DSTM32F103x6 -c -I../Core/Inc -I../Drivers/STM32F1xx_HAL_Driver/Inc/Legacy -I../Drivers/STM32F1xx_HAL_Driver/Inc -I../Drivers/CMSIS/Device/ST/STM32F1xx/Include -I../Drivers/CMSIS/Include -O0 -ffunction-sections -fdata-sections -Wall -fstack-usage -MMD -MP -MF"Drivers/STM32F1xx_HAL_Driver/Src/stm32f1xx_hal_tim_ex.d" -MT"Drivers/STM32F1xx_HAL_Driver/Src/stm32f1xx_hal_tim_ex.o" --specs=nano.specs -mfloat-abi=soft -mthumb -o "Drivers/STM32F1xx_HAL_Driver/Src/stm32f1xx_hal_tim_ex.o"
arm-none-eabi-gcc -mcpu=cortex-m3 -g3 -DDEBUG -c -x assembler-with-cpp -MMD -MP -MF"Core/Startup/startup_stm32f103c6ux.d" -MT"Core/Startup/startup_stm32f103c6ux.o" --specs=nano.specs -mfloat-abi=soft -mthumb -o "Core/Startup/startup_stm32f103c6ux.o" "../Core/Startup/startup_stm32f103c6ux.s"
arm-none-eabi-gcc "../Core/Src/input_processing.c" -mcpu=cortex-m3 -std=gnu11 -g3 -DDEBUG -DUSE_HAL_DRIVER -DSTM32F103x6 -c -I../Core/Inc -I../Drivers/STM32F1xx_HAL_Driver/Inc/Legacy -I../Drivers/STM32F1xx_HAL_Driver/Inc -I../Drivers/CMSIS/Device/ST/STM32F1xx/Include -I../Drivers/CMSIS/Include -O0 -ffunction-sections -fdata-sections -Wall -fstack-usage -MMD -MP -MF"Core/Src/input_processing.d" -MT"Core/Src/input_processing.o" --specs=nano.specs -mfloat-abi=soft -mthumb -o "Core/Src/input_processing.o"
arm-none-eabi-gcc "../Core/Src/input_reading.c" -mcpu=cortex-m3 -std=gnu11 -g3 -DDEBUG -DUSE_HAL_DRIVER -DSTM32F103x6 -c -I../Core/Inc -I../Drivers/STM32F1xx_HAL_Driver/Inc/Legacy -I../Drivers/STM32F1xx_HAL_Driver/Inc -I../Drivers/CMSIS/Device/ST/STM32F1xx/Include -I../Drivers/CMSIS/Include -O0 -ffunction-sections -fdata-sections -Wall -fstack-usage -MMD -MP -MF"Core/Src/input_reading.d" -MT"Core/Src/input_reading.o" --specs=nano.specs -mfloat-abi=soft -mthumb -o "Core/Src/input_reading.o"
../Core/Src/input_reading.c: In function 'button_reading':
../Core/Src/input_reading.c:25:24: warning: array subscript has type 'char' [-Wchar-subscripts]
   25 |   debounceButtonBuffer2[i] = debounceButtonBuffer1 [i];
      |                        ^
../Core/Src/input_reading.c:25:52: warning: array subscript has type 'char' [-Wchar-subscripts]
   25 |   debounceButtonBuffer2[i] = debounceButtonBuffer1 [i];
      |                                                    ^
../Core/Src/input_reading.c:26:24: warning: array subscript has type 'char' [-Wchar-subscripts]
   26 |   debounceButtonBuffer1[i] = HAL_GPIO_ReadPin(BUTTON_1_GPIO_Port , BUTTON_1_Pin) ;
      |                        ^
../Core/Src/input_reading.c:26:47: error: 'BUTTON_1_GPIO_Port' undeclared (first use in this function); did you mean 'BUTTON1_GPIO_Port'?
   26 |   debounceButtonBuffer1[i] = HAL_GPIO_ReadPin(BUTTON_1_GPIO_Port , BUTTON_1_Pin) ;
      |                                               ^~~~~~~~~~~~~~~~~~
      |                                               BUTTON1_GPIO_Port
../Core/Src/input_reading.c:26:47: note: each undeclared identifier is reported only once for each function it appears in
../Core/Src/input_reading.c:26:68: error: 'BUTTON_1_Pin' undeclared (first use in this function); did you mean 'BUTTON1_Pin'?
   26 |   debounceButtonBuffer1[i] = HAL_GPIO_ReadPin(BUTTON_1_GPIO_Port , BUTTON_1_Pin) ;
      |                                                                    ^~~~~~~~~~~~
      |                                                                    BUTTON1_Pin
../Core/Src/input_reading.c:27:27: warning: array subscript has type 'char' [-Wchar-subscripts]
   27 |   if(debounceButtonBuffer1[i] == debounceButtonBuffer2[i])
      |                           ^
../Core/Src/input_reading.c:27:55: warning: array subscript has type 'char' [-Wchar-subscripts]
   27 |   if(debounceButtonBuffer1[i] == debounceButtonBuffer2[i])
      |                                                       ^
../Core/Src/input_reading.c:28:16: warning: array subscript has type 'char' [-Wchar-subscripts]
   28 |    buttonBuffer[i] = debounceButtonBuffer1[i];
      |                ^
../Core/Src/input_reading.c:28:43: warning: array subscript has type 'char' [-Wchar-subscripts]
   28 |    buttonBuffer[i] = debounceButtonBuffer1[i];
      |                                           ^
../Core/Src/input_reading.c:29:18: warning: array subscript has type 'char' [-Wchar-subscripts]
   29 |   if(buttonBuffer[i] == BUTTON_IS_PRESSED) {
      |                  ^
../Core/Src/input_reading.c:31:30: warning: array subscript has type 'char' [-Wchar-subscripts]
   31 |    if(counterForButtonPress1s[i] < DURATION_FOR_AUTO_INCREASING ) {
      |                              ^
../Core/Src/input_reading.c:32:28: warning: array subscript has type 'char' [-Wchar-subscripts]
   32 |     counterForButtonPress1s[i]++;
      |                            ^
../Core/Src/input_reading.c:35:25: warning: array subscript has type 'char' [-Wchar-subscripts]
   35 |     flagForButtonPress1s[i] = 1;
      |                         ^
../Core/Src/input_reading.c:39:27: warning: array subscript has type 'char' [-Wchar-subscripts]
   39 |    counterForButtonPress1s[i] = 0;
      |                           ^
../Core/Src/input_reading.c:40:24: warning: array subscript has type 'char' [-Wchar-subscripts]
   40 |    flagForButtonPress1s[i] = 0;
      |                        ^
../Core/Src/input_reading.c: In function 'is_button_pressed':
../Core/Src/input_reading.c:47:15: error: 'NO_OF_BUTTONS' undeclared (first use in this function); did you mean 'N0_OF_BUTTONS'?
   47 |  if (index >= NO_OF_BUTTONS) return 0;
      |               ^~~~~~~~~~~~~
      |               N0_OF_BUTTONS
../Core/Src/input_reading.c:48:23: error: 'i' undeclared (first use in this function)
   48 |  return (buttonBuffer[i] == BUTTON_IS_PRESSED);
      |                       ^
../Core/Src/input_reading.c: In function 'is_button_pressed_1s':
../Core/Src/input_reading.c:53:15: error: 'NO_OF_BUTTONS' undeclared (first use in this function); did you mean 'N0_OF_BUTTONS'?
   53 |  if (index >= NO_OF_BUTTONS) return 0xff;
      |               ^~~~~~~~~~~~~
      |               N0_OF_BUTTONS
../Core/Src/input_reading.c: In function 'is_button_pressed':
../Core/Src/input_reading.c:49:1: warning: control reaches end of non-void function [-Wreturn-type]
   49 | }
      | ^
arm-none-eabi-gcc "../Core/Src/led_display.c" -mcpu=cortex-m3 -std=gnu11 -g3 -DDEBUG -DUSE_HAL_DRIVER -DSTM32F103x6 -c -I../Core/Inc -I../Drivers/STM32F1xx_HAL_Driver/Inc/Legacy -I../Drivers/STM32F1xx_HAL_Driver/Inc -I../Drivers/CMSIS/Device/ST/STM32F1xx/Include -I../Drivers/CMSIS/Include -O0 -ffunction-sections -fdata-sections -Wall -fstack-usage -MMD -MP -MF"Core/Src/led_display.d" -MT"Core/Src/led_display.o" --specs=nano.specs -mfloat-abi=soft -mthumb -o "Core/Src/led_display.o"
make: *** [Core/Src/subdir.mk:46: Core/Src/input_reading.o] Error 1
make: *** Waiting for unfinished jobs....
../Core/Src/led_display.c: In function 'display7SEG':
../Core/Src/led_display.c:12:3: warning: implicit declaration of function 'HAL_GPIO_WritePin' [-Wimplicit-function-declaration]
   12 |   HAL_GPIO_WritePin(GPIOB, GPIO_PIN_0, RESET);
      |   ^~~~~~~~~~~~~~~~~
../Core/Src/led_display.c:12:21: error: 'GPIOB' undeclared (first use in this function)
   12 |   HAL_GPIO_WritePin(GPIOB, GPIO_PIN_0, RESET);
      |                     ^~~~~
../Core/Src/led_display.c:12:21: note: each undeclared identifier is reported only once for each function it appears in
../Core/Src/led_display.c:12:28: error: 'GPIO_PIN_0' undeclared (first use in this function)
   12 |   HAL_GPIO_WritePin(GPIOB, GPIO_PIN_0, RESET);
      |                            ^~~~~~~~~~
../Core/Src/led_display.c:12:40: error: 'RESET' undeclared (first use in this function)
   12 |   HAL_GPIO_WritePin(GPIOB, GPIO_PIN_0, RESET);
      |                                        ^~~~~
../Core/Src/led_display.c:13:28: error: 'GPIO_PIN_1' undeclared (first use in this function)
   13 |   HAL_GPIO_WritePin(GPIOB, GPIO_PIN_1, RESET);
      |                            ^~~~~~~~~~
../Core/Src/led_display.c:14:28: error: 'GPIO_PIN_2' undeclared (first use in this function)
   14 |   HAL_GPIO_WritePin(GPIOB, GPIO_PIN_2, RESET);
      |                            ^~~~~~~~~~
../Core/Src/led_display.c:15:28: error: 'GPIO_PIN_3' undeclared (first use in this function)
   15 |   HAL_GPIO_WritePin(GPIOB, GPIO_PIN_3, RESET);
      |                            ^~~~~~~~~~
../Core/Src/led_display.c:16:28: error: 'GPIO_PIN_4' undeclared (first use in this function)
   16 |   HAL_GPIO_WritePin(GPIOB, GPIO_PIN_4, RESET);
      |                            ^~~~~~~~~~
../Core/Src/led_display.c:17:28: error: 'GPIO_PIN_5' undeclared (first use in this function)
   17 |   HAL_GPIO_WritePin(GPIOB, GPIO_PIN_5, RESET);
      |                            ^~~~~~~~~~
../Core/Src/led_display.c:18:28: error: 'GPIO_PIN_6' undeclared (first use in this function)
   18 |   HAL_GPIO_WritePin(GPIOB, GPIO_PIN_6, SET);
      |                            ^~~~~~~~~~
../Core/Src/led_display.c:18:40: error: 'SET' undeclared (first use in this function)
   18 |   HAL_GPIO_WritePin(GPIOB, GPIO_PIN_6, SET);
      |                                        ^~~
make: *** [Core/Src/subdir.mk:46: Core/Src/led_display.o] Error 1
"make -j4 all" terminated with exit code 2. Build might be incomplete.
00:40:59 **** Incremental Build of configuration Debug for project ex1 ****
make -j4 all 
arm-none-eabi-gcc "../Core/Src/input_reading.c" -mcpu=cortex-m3 -std=gnu11 -g3 -DDEBUG -DUSE_HAL_DRIVER -DSTM32F103x6 -c -I../Core/Inc -I../Drivers/STM32F1xx_HAL_Driver/Inc/Legacy -I../Drivers/STM32F1xx_HAL_Driver/Inc -I../Drivers/CMSIS/Device/ST/STM32F1xx/Include -I../Drivers/CMSIS/Include -O0 -ffunction-sections -fdata-sections -Wall -fstack-usage -MMD -MP -MF"Core/Src/input_reading.d" -MT"Core/Src/input_reading.o" --specs=nano.specs -mfloat-abi=soft -mthumb -o "Core/Src/input_reading.o"
arm-none-eabi-gcc "../Core/Src/led_display.c" -mcpu=cortex-m3 -std=gnu11 -g3 -DDEBUG -DUSE_HAL_DRIVER -DSTM32F103x6 -c -I../Core/Inc -I../Drivers/STM32F1xx_HAL_Driver/Inc/Legacy -I../Drivers/STM32F1xx_HAL_Driver/Inc -I../Drivers/CMSIS/Device/ST/STM32F1xx/Include -I../Drivers/CMSIS/Include -O0 -ffunction-sections -fdata-sections -Wall -fstack-usage -MMD -MP -MF"Core/Src/led_display.d" -MT"Core/Src/led_display.o" --specs=nano.specs -mfloat-abi=soft -mthumb -o "Core/Src/led_display.o"
arm-none-eabi-gcc "../Core/Src/main.c" -mcpu=cortex-m3 -std=gnu11 -g3 -DDEBUG -DUSE_HAL_DRIVER -DSTM32F103x6 -c -I../Core/Inc -I../Drivers/STM32F1xx_HAL_Driver/Inc/Legacy -I../Drivers/STM32F1xx_HAL_Driver/Inc -I../Drivers/CMSIS/Device/ST/STM32F1xx/Include -I../Drivers/CMSIS/Include -O0 -ffunction-sections -fdata-sections -Wall -fstack-usage -MMD -MP -MF"Core/Src/main.d" -MT"Core/Src/main.o" --specs=nano.specs -mfloat-abi=soft -mthumb -o "Core/Src/main.o"
arm-none-eabi-gcc "../Core/Src/stm32f1xx_hal_msp.c" -mcpu=cortex-m3 -std=gnu11 -g3 -DDEBUG -DUSE_HAL_DRIVER -DSTM32F103x6 -c -I../Core/Inc -I../Drivers/STM32F1xx_HAL_Driver/Inc/Legacy -I../Drivers/STM32F1xx_HAL_Driver/Inc -I../Drivers/CMSIS/Device/ST/STM32F1xx/Include -I../Drivers/CMSIS/Include -O0 -ffunction-sections -fdata-sections -Wall -fstack-usage -MMD -MP -MF"Core/Src/stm32f1xx_hal_msp.d" -MT"Core/Src/stm32f1xx_hal_msp.o" --specs=nano.specs -mfloat-abi=soft -mthumb -o "Core/Src/stm32f1xx_hal_msp.o"
../Core/Src/led_display.c: In function 'display7SEG':
../Core/Src/led_display.c:12:3: warning: implicit declaration of function 'HAL_GPIO_WritePin' [-Wimplicit-function-declaration]
   12 |   HAL_GPIO_WritePin(GPIOB, GPIO_PIN_0, RESET);
      |   ^~~~~~~~~~~~~~~~~
../Core/Src/led_display.c:12:21: error: 'GPIOB' undeclared (first use in this function)
   12 |   HAL_GPIO_WritePin(GPIOB, GPIO_PIN_0, RESET);
      |                     ^~~~~
../Core/Src/led_display.c:12:21: note: each undeclared identifier is reported only once for each function it appears in
../Core/Src/led_display.c:12:28: error: 'GPIO_PIN_0' undeclared (first use in this function)
   12 |   HAL_GPIO_WritePin(GPIOB, GPIO_PIN_0, RESET);
      |                            ^~~~~~~~~~
../Core/Src/led_display.c:12:40: error: 'RESET' undeclared (first use in this function)
   12 |   HAL_GPIO_WritePin(GPIOB, GPIO_PIN_0, RESET);
      |                                        ^~~~~
../Core/Src/led_display.c:13:28: error: 'GPIO_PIN_1' undeclared (first use in this function)
   13 |   HAL_GPIO_WritePin(GPIOB, GPIO_PIN_1, RESET);
      |                            ^~~~~~~~~~
../Core/Src/led_display.c:14:28: error: 'GPIO_PIN_2' undeclared (first use in this function)
   14 |   HAL_GPIO_WritePin(GPIOB, GPIO_PIN_2, RESET);
      |                            ^~~~~~~~~~
../Core/Src/led_display.c:15:28: error: 'GPIO_PIN_3' undeclared (first use in this function)
   15 |   HAL_GPIO_WritePin(GPIOB, GPIO_PIN_3, RESET);
      |                            ^~~~~~~~~~
../Core/Src/led_display.c:16:28: error: 'GPIO_PIN_4' undeclared (first use in this function)
   16 |   HAL_GPIO_WritePin(GPIOB, GPIO_PIN_4, RESET);
      |                            ^~~~~~~~~~
../Core/Src/led_display.c:17:28: error: 'GPIO_PIN_5' undeclared (first use in this function)
   17 |   HAL_GPIO_WritePin(GPIOB, GPIO_PIN_5, RESET);
      |                            ^~~~~~~~~~
../Core/Src/led_display.c:18:28: error: 'GPIO_PIN_6' undeclared (first use in this function)
   18 |   HAL_GPIO_WritePin(GPIOB, GPIO_PIN_6, SET);
      |                            ^~~~~~~~~~
../Core/Src/led_display.c:18:40: error: 'SET' undeclared (first use in this function)
   18 |   HAL_GPIO_WritePin(GPIOB, GPIO_PIN_6, SET);
      |                                        ^~~
../Core/Src/input_reading.c: In function 'button_reading':
../Core/Src/input_reading.c:25:24: warning: array subscript has type 'char' [-Wchar-subscripts]
   25 |   debounceButtonBuffer2[i] = debounceButtonBuffer1 [i];
      |                        ^
../Core/Src/input_reading.c:25:52: warning: array subscript has type 'char' [-Wchar-subscripts]
   25 |   debounceButtonBuffer2[i] = debounceButtonBuffer1 [i];
      |                                                    ^
../Core/Src/input_reading.c:26:24: warning: array subscript has type 'char' [-Wchar-subscripts]
   26 |   debounceButtonBuffer1[i] = HAL_GPIO_ReadPin(BUTTON_1_GPIO_Port , BUTTON_1_Pin) ;
      |                        ^
../Core/Src/input_reading.c:26:47: error: 'BUTTON_1_GPIO_Port' undeclared (first use in this function); did you mean 'BUTTON1_GPIO_Port'?
   26 |   debounceButtonBuffer1[i] = HAL_GPIO_ReadPin(BUTTON_1_GPIO_Port , BUTTON_1_Pin) ;
      |                                               ^~~~~~~~~~~~~~~~~~
      |                                               BUTTON1_GPIO_Port
../Core/Src/input_reading.c:26:47: note: each undeclared identifier is reported only once for each function it appears in
../Core/Src/input_reading.c:26:68: error: 'BUTTON_1_Pin' undeclared (first use in this function); did you mean 'BUTTON1_Pin'?
   26 |   debounceButtonBuffer1[i] = HAL_GPIO_ReadPin(BUTTON_1_GPIO_Port , BUTTON_1_Pin) ;
      |                                                                    ^~~~~~~~~~~~
      |                                                                    BUTTON1_Pin
../Core/Src/input_reading.c:27:27: warning: array subscript has type 'char' [-Wchar-subscripts]
   27 |   if(debounceButtonBuffer1[i] == debounceButtonBuffer2[i])
      |                           ^
../Core/Src/input_reading.c:27:55: warning: array subscript has type 'char' [-Wchar-subscripts]
   27 |   if(debounceButtonBuffer1[i] == debounceButtonBuffer2[i])
      |                                                       ^
../Core/Src/input_reading.c:28:16: warning: array subscript has type 'char' [-Wchar-subscripts]
   28 |    buttonBuffer[i] = debounceButtonBuffer1[i];
      |                ^
../Core/Src/input_reading.c:28:43: warning: array subscript has type 'char' [-Wchar-subscripts]
   28 |    buttonBuffer[i] = debounceButtonBuffer1[i];
      |                                           ^
../Core/Src/input_reading.c:29:18: warning: array subscript has type 'char' [-Wchar-subscripts]
   29 |   if(buttonBuffer[i] == BUTTON_IS_PRESSED) {
      |                  ^
../Core/Src/input_reading.c:31:30: warning: array subscript has type 'char' [-Wchar-subscripts]
   31 |    if(counterForButtonPress1s[i] < DURATION_FOR_AUTO_INCREASING ) {
      |                              ^
../Core/Src/input_reading.c:32:28: warning: array subscript has type 'char' [-Wchar-subscripts]
   32 |     counterForButtonPress1s[i]++;
      |                            ^
../Core/Src/input_reading.c:35:25: warning: array subscript has type 'char' [-Wchar-subscripts]
   35 |     flagForButtonPress1s[i] = 1;
      |                         ^
../Core/Src/input_reading.c:39:27: warning: array subscript has type 'char' [-Wchar-subscripts]
   39 |    counterForButtonPress1s[i] = 0;
      |                           ^
../Core/Src/input_reading.c:40:24: warning: array subscript has type 'char' [-Wchar-subscripts]
   40 |    flagForButtonPress1s[i] = 0;
      |                        ^
../Core/Src/input_reading.c: In function 'is_button_pressed':
../Core/Src/input_reading.c:47:15: error: 'NO_OF_BUTTONS' undeclared (first use in this function); did you mean 'N0_OF_BUTTONS'?
   47 |  if (index >= NO_OF_BUTTONS) return 0;
      |               ^~~~~~~~~~~~~
      |               N0_OF_BUTTONS
../Core/Src/input_reading.c:48:23: error: 'i' undeclared (first use in this function)
   48 |  return (buttonBuffer[i] == BUTTON_IS_PRESSED);
      |                       ^
../Core/Src/input_reading.c: In function 'is_button_pressed_1s':
../Core/Src/input_reading.c:53:15: error: 'NO_OF_BUTTONS' undeclared (first use in this function); did you mean 'N0_OF_BUTTONS'?
   53 |  if (index >= NO_OF_BUTTONS) return 0xff;
      |               ^~~~~~~~~~~~~
      |               N0_OF_BUTTONS
../Core/Src/input_reading.c: In function 'is_button_pressed':
../Core/Src/input_reading.c:49:1: warning: control reaches end of non-void function [-Wreturn-type]
   49 | }
      | ^
make: *** [Core/Src/subdir.mk:46: Core/Src/led_display.o] Error 1
make: *** Waiting for unfinished jobs....
make: *** [Core/Src/subdir.mk:46: Core/Src/input_reading.o] Error 1
"make -j4 all" terminated with exit code 2. Build might be incomplete.
00:56:55 **** Incremental Build of configuration Debug for project ex1 ****
make -j4 all 
arm-none-eabi-gcc "../Core/Src/input_reading.c" -mcpu=cortex-m3 -std=gnu11 -g3 -DDEBUG -DUSE_HAL_DRIVER -DSTM32F103x6 -c -I../Core/Inc -I../Drivers/STM32F1xx_HAL_Driver/Inc/Legacy -I../Drivers/STM32F1xx_HAL_Driver/Inc -I../Drivers/CMSIS/Device/ST/STM32F1xx/Include -I../Drivers/CMSIS/Include -O0 -ffunction-sections -fdata-sections -Wall -fstack-usage -MMD -MP -MF"Core/Src/input_reading.d" -MT"Core/Src/input_reading.o" --specs=nano.specs -mfloat-abi=soft -mthumb -o "Core/Src/input_reading.o"
arm-none-eabi-gcc "../Core/Src/led_display.c" -mcpu=cortex-m3 -std=gnu11 -g3 -DDEBUG -DUSE_HAL_DRIVER -DSTM32F103x6 -c -I../Core/Inc -I../Drivers/STM32F1xx_HAL_Driver/Inc/Legacy -I../Drivers/STM32F1xx_HAL_Driver/Inc -I../Drivers/CMSIS/Device/ST/STM32F1xx/Include -I../Drivers/CMSIS/Include -O0 -ffunction-sections -fdata-sections -Wall -fstack-usage -MMD -MP -MF"Core/Src/led_display.d" -MT"Core/Src/led_display.o" --specs=nano.specs -mfloat-abi=soft -mthumb -o "Core/Src/led_display.o"
arm-none-eabi-gcc "../Core/Src/stm32f1xx_it.c" -mcpu=cortex-m3 -std=gnu11 -g3 -DDEBUG -DUSE_HAL_DRIVER -DSTM32F103x6 -c -I../Core/Inc -I../Drivers/STM32F1xx_HAL_Driver/Inc/Legacy -I../Drivers/STM32F1xx_HAL_Driver/Inc -I../Drivers/CMSIS/Device/ST/STM32F1xx/Include -I../Drivers/CMSIS/Include -O0 -ffunction-sections -fdata-sections -Wall -fstack-usage -MMD -MP -MF"Core/Src/stm32f1xx_it.d" -MT"Core/Src/stm32f1xx_it.o" --specs=nano.specs -mfloat-abi=soft -mthumb -o "Core/Src/stm32f1xx_it.o"
arm-none-eabi-gcc "../Core/Src/syscalls.c" -mcpu=cortex-m3 -std=gnu11 -g3 -DDEBUG -DUSE_HAL_DRIVER -DSTM32F103x6 -c -I../Core/Inc -I../Drivers/STM32F1xx_HAL_Driver/Inc/Legacy -I../Drivers/STM32F1xx_HAL_Driver/Inc -I../Drivers/CMSIS/Device/ST/STM32F1xx/Include -I../Drivers/CMSIS/Include -O0 -ffunction-sections -fdata-sections -Wall -fstack-usage -MMD -MP -MF"Core/Src/syscalls.d" -MT"Core/Src/syscalls.o" --specs=nano.specs -mfloat-abi=soft -mthumb -o "Core/Src/syscalls.o"
../Core/Src/led_display.c: In function 'display7SEG':
../Core/Src/led_display.c:10:3: error: 'GPIOB' undeclared (first use in this function)
   10 |   GPIOB->ODR |=
      |   ^~~~~
../Core/Src/led_display.c:10:3: note: each undeclared identifier is reported only once for each function it appears in
../Core/Src/led_display.c:11:3: warning: implicit declaration of function 'HAL_GPIO_WritePin' [-Wimplicit-function-declaration]
   11 |   HAL_GPIO_WritePin(GPIOB, GPIO_PIN_0, RESET);
      |   ^~~~~~~~~~~~~~~~~
../Core/Src/led_display.c:11:28: error: 'GPIO_PIN_0' undeclared (first use in this function)
   11 |   HAL_GPIO_WritePin(GPIOB, GPIO_PIN_0, RESET);
      |                            ^~~~~~~~~~
../Core/Src/led_display.c:11:40: error: 'RESET' undeclared (first use in this function)
   11 |   HAL_GPIO_WritePin(GPIOB, GPIO_PIN_0, RESET);
      |                                        ^~~~~
../Core/Src/led_display.c:12:28: error: 'GPIO_PIN_1' undeclared (first use in this function)
   12 |   HAL_GPIO_WritePin(GPIOB, GPIO_PIN_1, RESET);
      |                            ^~~~~~~~~~
../Core/Src/led_display.c:13:28: error: 'GPIO_PIN_2' undeclared (first use in this function)
   13 |   HAL_GPIO_WritePin(GPIOB, GPIO_PIN_2, RESET);
      |                            ^~~~~~~~~~
../Core/Src/led_display.c:14:28: error: 'GPIO_PIN_3' undeclared (first use in this function)
   14 |   HAL_GPIO_WritePin(GPIOB, GPIO_PIN_3, RESET);
      |                            ^~~~~~~~~~
../Core/Src/led_display.c:15:28: error: 'GPIO_PIN_4' undeclared (first use in this function)
   15 |   HAL_GPIO_WritePin(GPIOB, GPIO_PIN_4, RESET);
      |                            ^~~~~~~~~~
../Core/Src/led_display.c:16:28: error: 'GPIO_PIN_5' undeclared (first use in this function)
   16 |   HAL_GPIO_WritePin(GPIOB, GPIO_PIN_5, RESET);
      |                            ^~~~~~~~~~
../Core/Src/led_display.c:17:28: error: 'GPIO_PIN_6' undeclared (first use in this function)
   17 |   HAL_GPIO_WritePin(GPIOB, GPIO_PIN_6, SET);
      |                            ^~~~~~~~~~
../Core/Src/led_display.c:17:40: error: 'SET' undeclared (first use in this function)
   17 |   HAL_GPIO_WritePin(GPIOB, GPIO_PIN_6, SET);
      |                                        ^~~
make: *** [Core/Src/subdir.mk:46: Core/Src/led_display.o] Error 1
make: *** Waiting for unfinished jobs....
../Core/Src/input_reading.c: In function 'button_reading':
../Core/Src/input_reading.c:25:24: warning: array subscript has type 'char' [-Wchar-subscripts]
   25 |   debounceButtonBuffer2[i] = debounceButtonBuffer1[i];
      |                        ^
../Core/Src/input_reading.c:25:51: warning: array subscript has type 'char' [-Wchar-subscripts]
   25 |   debounceButtonBuffer2[i] = debounceButtonBuffer1[i];
      |                                                   ^
../Core/Src/input_reading.c:28:25: warning: array subscript has type 'char' [-Wchar-subscripts]
   28 |    debounceButtonBuffer1[i] = HAL_GPIO_ReadPin(BUTTON1_GPIO_Port, BUTTON1_GPIO_Pin) ;
      |                         ^
../Core/Src/input_reading.c:28:67: error: 'BUTTON1_GPIO_Pin' undeclared (first use in this function); did you mean 'BUTTON1_GPIO_Port'?
   28 |    debounceButtonBuffer1[i] = HAL_GPIO_ReadPin(BUTTON1_GPIO_Port, BUTTON1_GPIO_Pin) ;
      |                                                                   ^~~~~~~~~~~~~~~~
      |                                                                   BUTTON1_GPIO_Port
../Core/Src/input_reading.c:28:67: note: each undeclared identifier is reported only once for each function it appears in
../Core/Src/input_reading.c:31:25: warning: array subscript has type 'char' [-Wchar-subscripts]
   31 |    debounceButtonBuffer1[i] = HAL_GPIO_ReadPin(BUTTON2_GPIO_Port, BUTTON2_GPIO_Pin) ;
      |                         ^
../Core/Src/input_reading.c:31:67: error: 'BUTTON2_GPIO_Pin' undeclared (first use in this function); did you mean 'BUTTON2_GPIO_Port'?
   31 |    debounceButtonBuffer1[i] = HAL_GPIO_ReadPin(BUTTON2_GPIO_Port, BUTTON2_GPIO_Pin) ;
      |                                                                   ^~~~~~~~~~~~~~~~
      |                                                                   BUTTON2_GPIO_Port
../Core/Src/input_reading.c:34:25: warning: array subscript has type 'char' [-Wchar-subscripts]
   34 |    debounceButtonBuffer1[i] = HAL_GPIO_ReadPin(BUTTON3_GPIO_Port, BUTTON3_GPIO_Pin) ;
      |                         ^
../Core/Src/input_reading.c:34:67: error: 'BUTTON3_GPIO_Pin' undeclared (first use in this function); did you mean 'BUTTON3_GPIO_Port'?
   34 |    debounceButtonBuffer1[i] = HAL_GPIO_ReadPin(BUTTON3_GPIO_Port, BUTTON3_GPIO_Pin) ;
      |                                                                   ^~~~~~~~~~~~~~~~
      |                                                                   BUTTON3_GPIO_Port
../Core/Src/input_reading.c:37:27: warning: array subscript has type 'char' [-Wchar-subscripts]
   37 |   if(debounceButtonBuffer1[i] == debounceButtonBuffer2[i])
      |                           ^
../Core/Src/input_reading.c:37:55: warning: array subscript has type 'char' [-Wchar-subscripts]
   37 |   if(debounceButtonBuffer1[i] == debounceButtonBuffer2[i])
      |                                                       ^
../Core/Src/input_reading.c:38:16: warning: array subscript has type 'char' [-Wchar-subscripts]
   38 |    buttonBuffer[i] = debounceButtonBuffer1[i];
      |                ^
../Core/Src/input_reading.c:38:43: warning: array subscript has type 'char' [-Wchar-subscripts]
   38 |    buttonBuffer[i] = debounceButtonBuffer1[i];
      |                                           ^
../Core/Src/input_reading.c:39:18: warning: array subscript has type 'char' [-Wchar-subscripts]
   39 |   if(buttonBuffer[i] == BUTTON_IS_PRESSED) {
      |                  ^
../Core/Src/input_reading.c:41:30: warning: array subscript has type 'char' [-Wchar-subscripts]
   41 |    if(counterForButtonPress1s[i] < DURATION_FOR_AUTO_INCREASING ) {
      |                              ^
../Core/Src/input_reading.c:42:28: warning: array subscript has type 'char' [-Wchar-subscripts]
   42 |     counterForButtonPress1s[i]++;
      |                            ^
../Core/Src/input_reading.c:45:25: warning: array subscript has type 'char' [-Wchar-subscripts]
   45 |     flagForButtonPress1s[i] = 1;
      |                         ^
../Core/Src/input_reading.c:49:27: warning: array subscript has type 'char' [-Wchar-subscripts]
   49 |    counterForButtonPress1s[i] = 0;
      |                           ^
../Core/Src/input_reading.c:50:24: warning: array subscript has type 'char' [-Wchar-subscripts]
   50 |    flagForButtonPress1s[i] = 0;
      |                        ^
../Core/Src/input_reading.c: In function 'is_button_pressed':
../Core/Src/input_reading.c:57:15: error: 'NO_OF_BUTTONS' undeclared (first use in this function); did you mean 'N0_OF_BUTTONS'?
   57 |  if (index >= NO_OF_BUTTONS) return 0;
      |               ^~~~~~~~~~~~~
      |               N0_OF_BUTTONS
../Core/Src/input_reading.c:58:23: error: 'i' undeclared (first use in this function)
   58 |  return (buttonBuffer[i] == BUTTON_IS_PRESSED);
      |                       ^
../Core/Src/input_reading.c: In function 'is_button_pressed_1s':
../Core/Src/input_reading.c:63:15: error: 'NO_OF_BUTTONS' undeclared (first use in this function); did you mean 'N0_OF_BUTTONS'?
   63 |  if (index >= NO_OF_BUTTONS) return 0xff;
      |               ^~~~~~~~~~~~~
      |               N0_OF_BUTTONS
../Core/Src/input_reading.c: In function 'is_button_pressed':
../Core/Src/input_reading.c:59:1: warning: control reaches end of non-void function [-Wreturn-type]
   59 | }
      | ^
make: *** [Core/Src/subdir.mk:46: Core/Src/input_reading.o] Error 1
"make -j4 all" terminated with exit code 2. Build might be incomplete.
00:58:38 **** Incremental Build of configuration Debug for project ex1 ****
make -j4 all 
arm-none-eabi-gcc "../Core/Src/input_reading.c" -mcpu=cortex-m3 -std=gnu11 -g3 -DDEBUG -DUSE_HAL_DRIVER -DSTM32F103x6 -c -I../Core/Inc -I../Drivers/STM32F1xx_HAL_Driver/Inc/Legacy -I../Drivers/STM32F1xx_HAL_Driver/Inc -I../Drivers/CMSIS/Device/ST/STM32F1xx/Include -I../Drivers/CMSIS/Include -O0 -ffunction-sections -fdata-sections -Wall -fstack-usage -MMD -MP -MF"Core/Src/input_reading.d" -MT"Core/Src/input_reading.o" --specs=nano.specs -mfloat-abi=soft -mthumb -o "Core/Src/input_reading.o"
arm-none-eabi-gcc "../Core/Src/led_display.c" -mcpu=cortex-m3 -std=gnu11 -g3 -DDEBUG -DUSE_HAL_DRIVER -DSTM32F103x6 -c -I../Core/Inc -I../Drivers/STM32F1xx_HAL_Driver/Inc/Legacy -I../Drivers/STM32F1xx_HAL_Driver/Inc -I../Drivers/CMSIS/Device/ST/STM32F1xx/Include -I../Drivers/CMSIS/Include -O0 -ffunction-sections -fdata-sections -Wall -fstack-usage -MMD -MP -MF"Core/Src/led_display.d" -MT"Core/Src/led_display.o" --specs=nano.specs -mfloat-abi=soft -mthumb -o "Core/Src/led_display.o"
arm-none-eabi-gcc "../Core/Src/sysmem.c" -mcpu=cortex-m3 -std=gnu11 -g3 -DDEBUG -DUSE_HAL_DRIVER -DSTM32F103x6 -c -I../Core/Inc -I../Drivers/STM32F1xx_HAL_Driver/Inc/Legacy -I../Drivers/STM32F1xx_HAL_Driver/Inc -I../Drivers/CMSIS/Device/ST/STM32F1xx/Include -I../Drivers/CMSIS/Include -O0 -ffunction-sections -fdata-sections -Wall -fstack-usage -MMD -MP -MF"Core/Src/sysmem.d" -MT"Core/Src/sysmem.o" --specs=nano.specs -mfloat-abi=soft -mthumb -o "Core/Src/sysmem.o"
arm-none-eabi-gcc "../Core/Src/system_stm32f1xx.c" -mcpu=cortex-m3 -std=gnu11 -g3 -DDEBUG -DUSE_HAL_DRIVER -DSTM32F103x6 -c -I../Core/Inc -I../Drivers/STM32F1xx_HAL_Driver/Inc/Legacy -I../Drivers/STM32F1xx_HAL_Driver/Inc -I../Drivers/CMSIS/Device/ST/STM32F1xx/Include -I../Drivers/CMSIS/Include -O0 -ffunction-sections -fdata-sections -Wall -fstack-usage -MMD -MP -MF"Core/Src/system_stm32f1xx.d" -MT"Core/Src/system_stm32f1xx.o" --specs=nano.specs -mfloat-abi=soft -mthumb -o "Core/Src/system_stm32f1xx.o"
../Core/Src/input_reading.c: In function 'button_reading':
../Core/Src/input_reading.c:25:24: warning: array subscript has type 'char' [-Wchar-subscripts]
   25 |   debounceButtonBuffer2[i] = debounceButtonBuffer1[i];
      |                        ^
../Core/Src/input_reading.c:25:51: warning: array subscript has type 'char' [-Wchar-subscripts]
   25 |   debounceButtonBuffer2[i] = debounceButtonBuffer1[i];
      |                                                   ^
../Core/Src/input_reading.c:28:25: warning: array subscript has type 'char' [-Wchar-subscripts]
   28 |    debounceButtonBuffer1[i] = HAL_GPIO_ReadPin(BUTTON1_GPIO_Port, BUTTON1_Pin) ;
      |                         ^
../Core/Src/input_reading.c:31:25: warning: array subscript has type 'char' [-Wchar-subscripts]
   31 |    debounceButtonBuffer1[i] = HAL_GPIO_ReadPin(BUTTON2_GPIO_Port, BUTTON2_Pin) ;
      |                         ^
../Core/Src/input_reading.c:34:25: warning: array subscript has type 'char' [-Wchar-subscripts]
   34 |    debounceButtonBuffer1[i] = HAL_GPIO_ReadPin(BUTTON3_GPIO_Port, BUTTON3_Pin) ;
      |                         ^
../Core/Src/input_reading.c:37:27: warning: array subscript has type 'char' [-Wchar-subscripts]
   37 |   if(debounceButtonBuffer1[i] == debounceButtonBuffer2[i])
      |                           ^
../Core/Src/input_reading.c:37:55: warning: array subscript has type 'char' [-Wchar-subscripts]
   37 |   if(debounceButtonBuffer1[i] == debounceButtonBuffer2[i])
      |                                                       ^
../Core/Src/input_reading.c:38:16: warning: array subscript has type 'char' [-Wchar-subscripts]
   38 |    buttonBuffer[i] = debounceButtonBuffer1[i];
      |                ^
../Core/Src/input_reading.c:38:43: warning: array subscript has type 'char' [-Wchar-subscripts]
   38 |    buttonBuffer[i] = debounceButtonBuffer1[i];
      |                                           ^
../Core/Src/input_reading.c:39:18: warning: array subscript has type 'char' [-Wchar-subscripts]
   39 |   if(buttonBuffer[i] == BUTTON_IS_PRESSED) {
      |                  ^
../Core/Src/input_reading.c:41:30: warning: array subscript has type 'char' [-Wchar-subscripts]
   41 |    if(counterForButtonPress1s[i] < DURATION_FOR_AUTO_INCREASING ) {
      |                              ^
../Core/Src/input_reading.c:42:28: warning: array subscript has type 'char' [-Wchar-subscripts]
   42 |     counterForButtonPress1s[i]++;
      |                            ^
../Core/Src/input_reading.c:45:25: warning: array subscript has type 'char' [-Wchar-subscripts]
   45 |     flagForButtonPress1s[i] = 1;
      |                         ^
../Core/Src/input_reading.c:49:27: warning: array subscript has type 'char' [-Wchar-subscripts]
   49 |    counterForButtonPress1s[i] = 0;
      |                           ^
../Core/Src/input_reading.c:50:24: warning: array subscript has type 'char' [-Wchar-subscripts]
   50 |    flagForButtonPress1s[i] = 0;
      |                        ^
../Core/Src/input_reading.c: In function 'is_button_pressed':
../Core/Src/input_reading.c:57:15: error: 'NO_OF_BUTTONS' undeclared (first use in this function); did you mean 'N0_OF_BUTTONS'?
   57 |  if (index >= NO_OF_BUTTONS) return 0;
      |               ^~~~~~~~~~~~~
      |               N0_OF_BUTTONS
../Core/Src/input_reading.c:57:15: note: each undeclared identifier is reported only once for each function it appears in
../Core/Src/input_reading.c:58:23: error: 'i' undeclared (first use in this function)
   58 |  return (buttonBuffer[i] == BUTTON_IS_PRESSED);
      |                       ^
../Core/Src/input_reading.c: In function 'is_button_pressed_1s':
../Core/Src/input_reading.c:63:15: error: 'NO_OF_BUTTONS' undeclared (first use in this function); did you mean 'N0_OF_BUTTONS'?
   63 |  if (index >= NO_OF_BUTTONS) return 0xff;
      |               ^~~~~~~~~~~~~
      |               N0_OF_BUTTONS
../Core/Src/input_reading.c: In function 'is_button_pressed':
../Core/Src/input_reading.c:59:1: warning: control reaches end of non-void function [-Wreturn-type]
   59 | }
      | ^
../Core/Src/led_display.c: In function 'display7SEG':
../Core/Src/led_display.c:10:3: error: 'GPIOB' undeclared (first use in this function)
   10 |   GPIOB->ODR |=
      |   ^~~~~
../Core/Src/led_display.c:10:3: note: each undeclared identifier is reported only once for each function it appears in
../Core/Src/led_display.c:11:3: warning: implicit declaration of function 'HAL_GPIO_WritePin' [-Wimplicit-function-declaration]
   11 |   HAL_GPIO_WritePin(GPIOB, GPIO_PIN_0, RESET);
      |   ^~~~~~~~~~~~~~~~~
../Core/Src/led_display.c:11:28: error: 'GPIO_PIN_0' undeclared (first use in this function)
   11 |   HAL_GPIO_WritePin(GPIOB, GPIO_PIN_0, RESET);
      |                            ^~~~~~~~~~
../Core/Src/led_display.c:11:40: error: 'RESET' undeclared (first use in this function)
   11 |   HAL_GPIO_WritePin(GPIOB, GPIO_PIN_0, RESET);
      |                                        ^~~~~
../Core/Src/led_display.c:12:28: error: 'GPIO_PIN_1' undeclared (first use in this function)
   12 |   HAL_GPIO_WritePin(GPIOB, GPIO_PIN_1, RESET);
      |                            ^~~~~~~~~~
../Core/Src/led_display.c:13:28: error: 'GPIO_PIN_2' undeclared (first use in this function)
   13 |   HAL_GPIO_WritePin(GPIOB, GPIO_PIN_2, RESET);
      |                            ^~~~~~~~~~
../Core/Src/led_display.c:14:28: error: 'GPIO_PIN_3' undeclared (first use in this function)
   14 |   HAL_GPIO_WritePin(GPIOB, GPIO_PIN_3, RESET);
      |                            ^~~~~~~~~~
../Core/Src/led_display.c:15:28: error: 'GPIO_PIN_4' undeclared (first use in this function)
   15 |   HAL_GPIO_WritePin(GPIOB, GPIO_PIN_4, RESET);
      |                            ^~~~~~~~~~
../Core/Src/led_display.c:16:28: error: 'GPIO_PIN_5' undeclared (first use in this function)
   16 |   HAL_GPIO_WritePin(GPIOB, GPIO_PIN_5, RESET);
      |                            ^~~~~~~~~~
../Core/Src/led_display.c:17:28: error: 'GPIO_PIN_6' undeclared (first use in this function)
   17 |   HAL_GPIO_WritePin(GPIOB, GPIO_PIN_6, SET);
      |                            ^~~~~~~~~~
../Core/Src/led_display.c:17:40: error: 'SET' undeclared (first use in this function)
   17 |   HAL_GPIO_WritePin(GPIOB, GPIO_PIN_6, SET);
      |                                        ^~~
make: *** [Core/Src/subdir.mk:46: Core/Src/input_reading.o] Error 1
make: *** Waiting for unfinished jobs....
make: *** [Core/Src/subdir.mk:46: Core/Src/led_display.o] Error 1
"make -j4 all" terminated with exit code 2. Build might be incomplete.
00:59:07 **** Incremental Build of configuration Debug for project ex1 ****
make -j4 all 
arm-none-eabi-gcc "../Core/Src/input_reading.c" -mcpu=cortex-m3 -std=gnu11 -g3 -DDEBUG -DUSE_HAL_DRIVER -DSTM32F103x6 -c -I../Core/Inc -I../Drivers/STM32F1xx_HAL_Driver/Inc/Legacy -I../Drivers/STM32F1xx_HAL_Driver/Inc -I../Drivers/CMSIS/Device/ST/STM32F1xx/Include -I../Drivers/CMSIS/Include -O0 -ffunction-sections -fdata-sections -Wall -fstack-usage -MMD -MP -MF"Core/Src/input_reading.d" -MT"Core/Src/input_reading.o" --specs=nano.specs -mfloat-abi=soft -mthumb -o "Core/Src/input_reading.o"
arm-none-eabi-gcc "../Core/Src/led_display.c" -mcpu=cortex-m3 -std=gnu11 -g3 -DDEBUG -DUSE_HAL_DRIVER -DSTM32F103x6 -c -I../Core/Inc -I../Drivers/STM32F1xx_HAL_Driver/Inc/Legacy -I../Drivers/STM32F1xx_HAL_Driver/Inc -I../Drivers/CMSIS/Device/ST/STM32F1xx/Include -I../Drivers/CMSIS/Include -O0 -ffunction-sections -fdata-sections -Wall -fstack-usage -MMD -MP -MF"Core/Src/led_display.d" -MT"Core/Src/led_display.o" --specs=nano.specs -mfloat-abi=soft -mthumb -o "Core/Src/led_display.o"
arm-none-eabi-gcc "../Core/Src/timer.c" -mcpu=cortex-m3 -std=gnu11 -g3 -DDEBUG -DUSE_HAL_DRIVER -DSTM32F103x6 -c -I../Core/Inc -I../Drivers/STM32F1xx_HAL_Driver/Inc/Legacy -I../Drivers/STM32F1xx_HAL_Driver/Inc -I../Drivers/CMSIS/Device/ST/STM32F1xx/Include -I../Drivers/CMSIS/Include -O0 -ffunction-sections -fdata-sections -Wall -fstack-usage -MMD -MP -MF"Core/Src/timer.d" -MT"Core/Src/timer.o" --specs=nano.specs -mfloat-abi=soft -mthumb -o "Core/Src/timer.o"
../Core/Src/led_display.c: In function 'display7SEG':
../Core/Src/led_display.c:10:3: error: 'GPIOB' undeclared (first use in this function)
   10 |   GPIOB->ODR |=
      |   ^~~~~
../Core/Src/led_display.c:10:3: note: each undeclared identifier is reported only once for each function it appears in
../Core/Src/led_display.c:11:3: warning: implicit declaration of function 'HAL_GPIO_WritePin' [-Wimplicit-function-declaration]
   11 |   HAL_GPIO_WritePin(GPIOB, GPIO_PIN_0, RESET);
      |   ^~~~~~~~~~~~~~~~~
../Core/Src/led_display.c:11:28: error: 'GPIO_PIN_0' undeclared (first use in this function)
   11 |   HAL_GPIO_WritePin(GPIOB, GPIO_PIN_0, RESET);
      |                            ^~~~~~~~~~
../Core/Src/led_display.c:11:40: error: 'RESET' undeclared (first use in this function)
   11 |   HAL_GPIO_WritePin(GPIOB, GPIO_PIN_0, RESET);
      |                                        ^~~~~
../Core/Src/led_display.c:12:28: error: 'GPIO_PIN_1' undeclared (first use in this function)
   12 |   HAL_GPIO_WritePin(GPIOB, GPIO_PIN_1, RESET);
      |                            ^~~~~~~~~~
../Core/Src/led_display.c:13:28: error: 'GPIO_PIN_2' undeclared (first use in this function)
   13 |   HAL_GPIO_WritePin(GPIOB, GPIO_PIN_2, RESET);
      |                            ^~~~~~~~~~
../Core/Src/led_display.c:14:28: error: 'GPIO_PIN_3' undeclared (first use in this function)
   14 |   HAL_GPIO_WritePin(GPIOB, GPIO_PIN_3, RESET);
      |                            ^~~~~~~~~~
../Core/Src/led_display.c:15:28: error: 'GPIO_PIN_4' undeclared (first use in this function)
   15 |   HAL_GPIO_WritePin(GPIOB, GPIO_PIN_4, RESET);
      |                            ^~~~~~~~~~
../Core/Src/led_display.c:16:28: error: 'GPIO_PIN_5' undeclared (first use in this function)
   16 |   HAL_GPIO_WritePin(GPIOB, GPIO_PIN_5, RESET);
      |                            ^~~~~~~~~~
../Core/Src/led_display.c:17:28: error: 'GPIO_PIN_6' undeclared (first use in this function)
   17 |   HAL_GPIO_WritePin(GPIOB, GPIO_PIN_6, SET);
      |                            ^~~~~~~~~~
../Core/Src/led_display.c:17:40: error: 'SET' undeclared (first use in this function)
   17 |   HAL_GPIO_WritePin(GPIOB, GPIO_PIN_6, SET);
      |                                        ^~~
make: *** [Core/Src/subdir.mk:46: Core/Src/led_display.o] Error 1
make: *** Waiting for unfinished jobs....
../Core/Src/input_reading.c: In function 'is_button_pressed':
../Core/Src/input_reading.c:57:15: error: 'NO_OF_BUTTONS' undeclared (first use in this function); did you mean 'N0_OF_BUTTONS'?
   57 |  if (index >= NO_OF_BUTTONS) return 0;
      |               ^~~~~~~~~~~~~
      |               N0_OF_BUTTONS
../Core/Src/input_reading.c:57:15: note: each undeclared identifier is reported only once for each function it appears in
../Core/Src/input_reading.c:58:23: error: 'i' undeclared (first use in this function)
   58 |  return (buttonBuffer[i] == BUTTON_IS_PRESSED);
      |                       ^
../Core/Src/timer.c: In function 'HAL_TIM_PeriodElapsedCallback':
../Core/Src/timer.c:41:2: warning: implicit declaration of function 'timer_run'; did you mean 'timerRun'? [-Wimplicit-function-declaration]
   41 |  timer_run();
      |  ^~~~~~~~~
      |  timerRun
../Core/Src/input_reading.c: In function 'is_button_pressed_1s':
../Core/Src/input_reading.c:63:15: error: 'NO_OF_BUTTONS' undeclared (first use in this function); did you mean 'N0_OF_BUTTONS'?
   63 |  if (index >= NO_OF_BUTTONS) return 0xff;
      |               ^~~~~~~~~~~~~
      |               N0_OF_BUTTONS
../Core/Src/input_reading.c: In function 'is_button_pressed':
../Core/Src/input_reading.c:59:1: warning: control reaches end of non-void function [-Wreturn-type]
   59 | }
      | ^
make: *** [Core/Src/subdir.mk:46: Core/Src/input_reading.o] Error 1
"make -j4 all" terminated with exit code 2. Build might be incomplete.
00:59:55 **** Incremental Build of configuration Debug for project ex1 ****
make -j4 all 
arm-none-eabi-gcc "../Core/Src/input_reading.c" -mcpu=cortex-m3 -std=gnu11 -g3 -DDEBUG -DUSE_HAL_DRIVER -DSTM32F103x6 -c -I../Core/Inc -I../Drivers/STM32F1xx_HAL_Driver/Inc/Legacy -I../Drivers/STM32F1xx_HAL_Driver/Inc -I../Drivers/CMSIS/Device/ST/STM32F1xx/Include -I../Drivers/CMSIS/Include -O0 -ffunction-sections -fdata-sections -Wall -fstack-usage -MMD -MP -MF"Core/Src/input_reading.d" -MT"Core/Src/input_reading.o" --specs=nano.specs -mfloat-abi=soft -mthumb -o "Core/Src/input_reading.o"
arm-none-eabi-gcc "../Core/Src/led_display.c" -mcpu=cortex-m3 -std=gnu11 -g3 -DDEBUG -DUSE_HAL_DRIVER -DSTM32F103x6 -c -I../Core/Inc -I../Drivers/STM32F1xx_HAL_Driver/Inc/Legacy -I../Drivers/STM32F1xx_HAL_Driver/Inc -I../Drivers/CMSIS/Device/ST/STM32F1xx/Include -I../Drivers/CMSIS/Include -O0 -ffunction-sections -fdata-sections -Wall -fstack-usage -MMD -MP -MF"Core/Src/led_display.d" -MT"Core/Src/led_display.o" --specs=nano.specs -mfloat-abi=soft -mthumb -o "Core/Src/led_display.o"
../Core/Src/led_display.c: In function 'display7SEG':
../Core/Src/led_display.c:10:3: error: 'GPIOB' undeclared (first use in this function)
   10 |   GPIOB->ODR |=
      |   ^~~~~
../Core/Src/led_display.c:10:3: note: each undeclared identifier is reported only once for each function it appears in
../Core/Src/led_display.c:11:3: warning: implicit declaration of function 'HAL_GPIO_WritePin' [-Wimplicit-function-declaration]
   11 |   HAL_GPIO_WritePin(GPIOB, GPIO_PIN_0, RESET);
      |   ^~~~~~~~~~~~~~~~~
../Core/Src/led_display.c:11:28: error: 'GPIO_PIN_0' undeclared (first use in this function)
   11 |   HAL_GPIO_WritePin(GPIOB, GPIO_PIN_0, RESET);
      |                            ^~~~~~~~~~
../Core/Src/led_display.c:11:40: error: 'RESET' undeclared (first use in this function)
   11 |   HAL_GPIO_WritePin(GPIOB, GPIO_PIN_0, RESET);
      |                                        ^~~~~
../Core/Src/led_display.c:12:28: error: 'GPIO_PIN_1' undeclared (first use in this function)
   12 |   HAL_GPIO_WritePin(GPIOB, GPIO_PIN_1, RESET);
      |                            ^~~~~~~~~~
../Core/Src/led_display.c:13:28: error: 'GPIO_PIN_2' undeclared (first use in this function)
   13 |   HAL_GPIO_WritePin(GPIOB, GPIO_PIN_2, RESET);
      |                            ^~~~~~~~~~
../Core/Src/led_display.c:14:28: error: 'GPIO_PIN_3' undeclared (first use in this function)
   14 |   HAL_GPIO_WritePin(GPIOB, GPIO_PIN_3, RESET);
      |                            ^~~~~~~~~~
../Core/Src/led_display.c:15:28: error: 'GPIO_PIN_4' undeclared (first use in this function)
   15 |   HAL_GPIO_WritePin(GPIOB, GPIO_PIN_4, RESET);
      |                            ^~~~~~~~~~
../Core/Src/led_display.c:16:28: error: 'GPIO_PIN_5' undeclared (first use in this function)
   16 |   HAL_GPIO_WritePin(GPIOB, GPIO_PIN_5, RESET);
      |                            ^~~~~~~~~~
../Core/Src/led_display.c:17:28: error: 'GPIO_PIN_6' undeclared (first use in this function)
   17 |   HAL_GPIO_WritePin(GPIOB, GPIO_PIN_6, SET);
      |                            ^~~~~~~~~~
../Core/Src/led_display.c:17:40: error: 'SET' undeclared (first use in this function)
   17 |   HAL_GPIO_WritePin(GPIOB, GPIO_PIN_6, SET);
      |                                        ^~~
make: *** [Core/Src/subdir.mk:46: Core/Src/led_display.o] Error 1
make: *** Waiting for unfinished jobs....
../Core/Src/input_reading.c:15:35: error: 'N0_OF_BUTTONS' undeclared here (not in a function); did you mean 'NO_OF_BUTTONS'?
   15 | static GPIO_PinState buttonBuffer[N0_OF_BUTTONS];
      |                                   ^~~~~~~~~~~~~
      |                                   NO_OF_BUTTONS
../Core/Src/input_reading.c: In function 'is_button_pressed':
../Core/Src/input_reading.c:58:23: error: 'i' undeclared (first use in this function)
   58 |  return (buttonBuffer[i] == BUTTON_IS_PRESSED);
      |                       ^
../Core/Src/input_reading.c:58:23: note: each undeclared identifier is reported only once for each function it appears in
../Core/Src/input_reading.c:59:1: warning: control reaches end of non-void function [-Wreturn-type]
   59 | }
      | ^
../Core/Src/input_reading.c: In function 'is_button_pressed_1s':
../Core/Src/input_reading.c:65:1: warning: control reaches end of non-void function [-Wreturn-type]
   65 | }
      | ^
At top level:
../Core/Src/input_reading.c:22:17: warning: 'counterForButtonPress1s' defined but not used [-Wunused-variable]
   22 | static uint16_t counterForButtonPress1s[N0_OF_BUTTONS];
      |                 ^~~~~~~~~~~~~~~~~~~~~~~
../Core/Src/input_reading.c:20:16: warning: 'flagForButtonPress1s' defined but not used [-Wunused-variable]
   20 | static uint8_t flagForButtonPress1s [N0_OF_BUTTONS];
      |                ^~~~~~~~~~~~~~~~~~~~
../Core/Src/input_reading.c:18:22: warning: 'debounceButtonBuffer2' defined but not used [-Wunused-variable]
   18 | static GPIO_PinState debounceButtonBuffer2[N0_OF_BUTTONS];
      |                      ^~~~~~~~~~~~~~~~~~~~~
../Core/Src/input_reading.c:17:22: warning: 'debounceButtonBuffer1' defined but not used [-Wunused-variable]
   17 | static GPIO_PinState debounceButtonBuffer1[N0_OF_BUTTONS];
      |                      ^~~~~~~~~~~~~~~~~~~~~
../Core/Src/input_reading.c:15:22: warning: 'buttonBuffer' defined but not used [-Wunused-variable]
   15 | static GPIO_PinState buttonBuffer[N0_OF_BUTTONS];
      |                      ^~~~~~~~~~~~
make: *** [Core/Src/subdir.mk:46: Core/Src/input_reading.o] Error 1
"make -j4 all" terminated with exit code 2. Build might be incomplete.
01:00:40 **** Incremental Build of configuration Debug for project ex1 ****
make -j4 all 
arm-none-eabi-gcc "../Core/Src/input_reading.c" -mcpu=cortex-m3 -std=gnu11 -g3 -DDEBUG -DUSE_HAL_DRIVER -DSTM32F103x6 -c -I../Core/Inc -I../Drivers/STM32F1xx_HAL_Driver/Inc/Legacy -I../Drivers/STM32F1xx_HAL_Driver/Inc -I../Drivers/CMSIS/Device/ST/STM32F1xx/Include -I../Drivers/CMSIS/Include -O0 -ffunction-sections -fdata-sections -Wall -fstack-usage -MMD -MP -MF"Core/Src/input_reading.d" -MT"Core/Src/input_reading.o" --specs=nano.specs -mfloat-abi=soft -mthumb -o "Core/Src/input_reading.o"
arm-none-eabi-gcc "../Core/Src/led_display.c" -mcpu=cortex-m3 -std=gnu11 -g3 -DDEBUG -DUSE_HAL_DRIVER -DSTM32F103x6 -c -I../Core/Inc -I../Drivers/STM32F1xx_HAL_Driver/Inc/Legacy -I../Drivers/STM32F1xx_HAL_Driver/Inc -I../Drivers/CMSIS/Device/ST/STM32F1xx/Include -I../Drivers/CMSIS/Include -O0 -ffunction-sections -fdata-sections -Wall -fstack-usage -MMD -MP -MF"Core/Src/led_display.d" -MT"Core/Src/led_display.o" --specs=nano.specs -mfloat-abi=soft -mthumb -o "Core/Src/led_display.o"
../Core/Src/led_display.c: In function 'display7SEG':
../Core/Src/led_display.c:10:3: error: 'GPIOB' undeclared (first use in this function)
   10 |   GPIOB->ODR |=
      |   ^~~~~
../Core/Src/led_display.c:10:3: note: each undeclared identifier is reported only once for each function it appears in
../Core/Src/led_display.c:11:3: warning: implicit declaration of function 'HAL_GPIO_WritePin' [-Wimplicit-function-declaration]
   11 |   HAL_GPIO_WritePin(GPIOB, GPIO_PIN_0, RESET);
      |   ^~~~~~~~~~~~~~~~~
../Core/Src/led_display.c:11:28: error: 'GPIO_PIN_0' undeclared (first use in this function)
   11 |   HAL_GPIO_WritePin(GPIOB, GPIO_PIN_0, RESET);
      |                            ^~~~~~~~~~
../Core/Src/led_display.c:11:40: error: 'RESET' undeclared (first use in this function)
   11 |   HAL_GPIO_WritePin(GPIOB, GPIO_PIN_0, RESET);
      |                                        ^~~~~
../Core/Src/led_display.c:12:28: error: 'GPIO_PIN_1' undeclared (first use in this function)
   12 |   HAL_GPIO_WritePin(GPIOB, GPIO_PIN_1, RESET);
      |                            ^~~~~~~~~~
../Core/Src/led_display.c:13:28: error: 'GPIO_PIN_2' undeclared (first use in this function)
   13 |   HAL_GPIO_WritePin(GPIOB, GPIO_PIN_2, RESET);
      |                            ^~~~~~~~~~
../Core/Src/led_display.c:14:28: error: 'GPIO_PIN_3' undeclared (first use in this function)
   14 |   HAL_GPIO_WritePin(GPIOB, GPIO_PIN_3, RESET);
      |                            ^~~~~~~~~~
../Core/Src/led_display.c:15:28: error: 'GPIO_PIN_4' undeclared (first use in this function)
   15 |   HAL_GPIO_WritePin(GPIOB, GPIO_PIN_4, RESET);
      |                            ^~~~~~~~~~
../Core/Src/led_display.c:16:28: error: 'GPIO_PIN_5' undeclared (first use in this function)
   16 |   HAL_GPIO_WritePin(GPIOB, GPIO_PIN_5, RESET);
      |                            ^~~~~~~~~~
../Core/Src/led_display.c:17:28: error: 'GPIO_PIN_6' undeclared (first use in this function)
   17 |   HAL_GPIO_WritePin(GPIOB, GPIO_PIN_6, SET);
      |                            ^~~~~~~~~~
../Core/Src/led_display.c:17:40: error: 'SET' undeclared (first use in this function)
   17 |   HAL_GPIO_WritePin(GPIOB, GPIO_PIN_6, SET);
      |                                        ^~~
make: *** [Core/Src/subdir.mk:46: Core/Src/led_display.o] Error 1
make: *** Waiting for unfinished jobs....
../Core/Src/input_reading.c:17:44: error: 'N0_OF_BUTTONS' undeclared here (not in a function); did you mean 'NO_OF_BUTTONS'?
   17 | static GPIO_PinState debounceButtonBuffer1[N0_OF_BUTTONS];
      |                                            ^~~~~~~~~~~~~
      |                                            NO_OF_BUTTONS
../Core/Src/input_reading.c: In function 'is_button_pressed':
../Core/Src/input_reading.c:58:23: error: 'i' undeclared (first use in this function)
   58 |  return (buttonBuffer[i] == BUTTON_IS_PRESSED);
      |                       ^
../Core/Src/input_reading.c:58:23: note: each undeclared identifier is reported only once for each function it appears in
../Core/Src/input_reading.c:59:1: warning: control reaches end of non-void function [-Wreturn-type]
   59 | }
      | ^
../Core/Src/input_reading.c: In function 'is_button_pressed_1s':
../Core/Src/input_reading.c:65:1: warning: control reaches end of non-void function [-Wreturn-type]
   65 | }
      | ^
At top level:
../Core/Src/input_reading.c:22:17: warning: 'counterForButtonPress1s' defined but not used [-Wunused-variable]
   22 | static uint16_t counterForButtonPress1s[N0_OF_BUTTONS];
      |                 ^~~~~~~~~~~~~~~~~~~~~~~
../Core/Src/input_reading.c:20:16: warning: 'flagForButtonPress1s' defined but not used [-Wunused-variable]
   20 | static uint8_t flagForButtonPress1s [N0_OF_BUTTONS];
      |                ^~~~~~~~~~~~~~~~~~~~
../Core/Src/input_reading.c:18:22: warning: 'debounceButtonBuffer2' defined but not used [-Wunused-variable]
   18 | static GPIO_PinState debounceButtonBuffer2[N0_OF_BUTTONS];
      |                      ^~~~~~~~~~~~~~~~~~~~~
../Core/Src/input_reading.c:17:22: warning: 'debounceButtonBuffer1' defined but not used [-Wunused-variable]
   17 | static GPIO_PinState debounceButtonBuffer1[N0_OF_BUTTONS];
      |                      ^~~~~~~~~~~~~~~~~~~~~
make: *** [Core/Src/subdir.mk:46: Core/Src/input_reading.o] Error 1
"make -j4 all" terminated with exit code 2. Build might be incomplete.
01:00:58 **** Incremental Build of configuration Debug for project ex1 ****
make -j4 all 
arm-none-eabi-gcc "../Core/Src/input_reading.c" -mcpu=cortex-m3 -std=gnu11 -g3 -DDEBUG -DUSE_HAL_DRIVER -DSTM32F103x6 -c -I../Core/Inc -I../Drivers/STM32F1xx_HAL_Driver/Inc/Legacy -I../Drivers/STM32F1xx_HAL_Driver/Inc -I../Drivers/CMSIS/Device/ST/STM32F1xx/Include -I../Drivers/CMSIS/Include -O0 -ffunction-sections -fdata-sections -Wall -fstack-usage -MMD -MP -MF"Core/Src/input_reading.d" -MT"Core/Src/input_reading.o" --specs=nano.specs -mfloat-abi=soft -mthumb -o "Core/Src/input_reading.o"
arm-none-eabi-gcc "../Core/Src/led_display.c" -mcpu=cortex-m3 -std=gnu11 -g3 -DDEBUG -DUSE_HAL_DRIVER -DSTM32F103x6 -c -I../Core/Inc -I../Drivers/STM32F1xx_HAL_Driver/Inc/Legacy -I../Drivers/STM32F1xx_HAL_Driver/Inc -I../Drivers/CMSIS/Device/ST/STM32F1xx/Include -I../Drivers/CMSIS/Include -O0 -ffunction-sections -fdata-sections -Wall -fstack-usage -MMD -MP -MF"Core/Src/led_display.d" -MT"Core/Src/led_display.o" --specs=nano.specs -mfloat-abi=soft -mthumb -o "Core/Src/led_display.o"
../Core/Src/led_display.c: In function 'display7SEG':
../Core/Src/led_display.c:10:3: error: 'GPIOB' undeclared (first use in this function)
   10 |   GPIOB->ODR |=
      |   ^~~~~
../Core/Src/led_display.c:10:3: note: each undeclared identifier is reported only once for each function it appears in
../Core/Src/led_display.c:11:3: warning: implicit declaration of function 'HAL_GPIO_WritePin' [-Wimplicit-function-declaration]
   11 |   HAL_GPIO_WritePin(GPIOB, GPIO_PIN_0, RESET);
      |   ^~~~~~~~~~~~~~~~~
../Core/Src/led_display.c:11:28: error: 'GPIO_PIN_0' undeclared (first use in this function)
   11 |   HAL_GPIO_WritePin(GPIOB, GPIO_PIN_0, RESET);
      |                            ^~~~~~~~~~
../Core/Src/led_display.c:11:40: error: 'RESET' undeclared (first use in this function)
   11 |   HAL_GPIO_WritePin(GPIOB, GPIO_PIN_0, RESET);
      |                                        ^~~~~
../Core/Src/led_display.c:12:28: error: 'GPIO_PIN_1' undeclared (first use in this function)
   12 |   HAL_GPIO_WritePin(GPIOB, GPIO_PIN_1, RESET);
      |                            ^~~~~~~~~~
../Core/Src/led_display.c:13:28: error: 'GPIO_PIN_2' undeclared (first use in this function)
   13 |   HAL_GPIO_WritePin(GPIOB, GPIO_PIN_2, RESET);
      |                            ^~~~~~~~~~
../Core/Src/led_display.c:14:28: error: 'GPIO_PIN_3' undeclared (first use in this function)
   14 |   HAL_GPIO_WritePin(GPIOB, GPIO_PIN_3, RESET);
      |                            ^~~~~~~~~~
../Core/Src/led_display.c:15:28: error: 'GPIO_PIN_4' undeclared (first use in this function)
   15 |   HAL_GPIO_WritePin(GPIOB, GPIO_PIN_4, RESET);
      |                            ^~~~~~~~~~
../Core/Src/led_display.c:16:28: error: 'GPIO_PIN_5' undeclared (first use in this function)
   16 |   HAL_GPIO_WritePin(GPIOB, GPIO_PIN_5, RESET);
      |                            ^~~~~~~~~~
../Core/Src/led_display.c:17:28: error: 'GPIO_PIN_6' undeclared (first use in this function)
   17 |   HAL_GPIO_WritePin(GPIOB, GPIO_PIN_6, SET);
      |                            ^~~~~~~~~~
../Core/Src/led_display.c:17:40: error: 'SET' undeclared (first use in this function)
   17 |   HAL_GPIO_WritePin(GPIOB, GPIO_PIN_6, SET);
      |                                        ^~~
make: *** [Core/Src/subdir.mk:46: Core/Src/led_display.o] Error 1
make: *** Waiting for unfinished jobs....
../Core/Src/input_reading.c:20:38: error: 'N0_OF_BUTTONS' undeclared here (not in a function); did you mean 'NO_OF_BUTTONS'?
   20 | static uint8_t flagForButtonPress1s [N0_OF_BUTTONS];
      |                                      ^~~~~~~~~~~~~
      |                                      NO_OF_BUTTONS
../Core/Src/input_reading.c: In function 'is_button_pressed':
../Core/Src/input_reading.c:58:23: error: 'i' undeclared (first use in this function)
   58 |  return (buttonBuffer[i] == BUTTON_IS_PRESSED);
      |                       ^
../Core/Src/input_reading.c:58:23: note: each undeclared identifier is reported only once for each function it appears in
../Core/Src/input_reading.c:59:1: warning: control reaches end of non-void function [-Wreturn-type]
   59 | }
      | ^
../Core/Src/input_reading.c: In function 'is_button_pressed_1s':
../Core/Src/input_reading.c:65:1: warning: control reaches end of non-void function [-Wreturn-type]
   65 | }
      | ^
At top level:
../Core/Src/input_reading.c:22:17: warning: 'counterForButtonPress1s' defined but not used [-Wunused-variable]
   22 | static uint16_t counterForButtonPress1s[N0_OF_BUTTONS];
      |                 ^~~~~~~~~~~~~~~~~~~~~~~
../Core/Src/input_reading.c:20:16: warning: 'flagForButtonPress1s' defined but not used [-Wunused-variable]
   20 | static uint8_t flagForButtonPress1s [N0_OF_BUTTONS];
      |                ^~~~~~~~~~~~~~~~~~~~
make: *** [Core/Src/subdir.mk:46: Core/Src/input_reading.o] Error 1
"make -j4 all" terminated with exit code 2. Build might be incomplete.
01:01:06 **** Incremental Build of configuration Debug for project ex1 ****
make -j4 all 
arm-none-eabi-gcc "../Core/Src/input_reading.c" -mcpu=cortex-m3 -std=gnu11 -g3 -DDEBUG -DUSE_HAL_DRIVER -DSTM32F103x6 -c -I../Core/Inc -I../Drivers/STM32F1xx_HAL_Driver/Inc/Legacy -I../Drivers/STM32F1xx_HAL_Driver/Inc -I../Drivers/CMSIS/Device/ST/STM32F1xx/Include -I../Drivers/CMSIS/Include -O0 -ffunction-sections -fdata-sections -Wall -fstack-usage -MMD -MP -MF"Core/Src/input_reading.d" -MT"Core/Src/input_reading.o" --specs=nano.specs -mfloat-abi=soft -mthumb -o "Core/Src/input_reading.o"
arm-none-eabi-gcc "../Core/Src/led_display.c" -mcpu=cortex-m3 -std=gnu11 -g3 -DDEBUG -DUSE_HAL_DRIVER -DSTM32F103x6 -c -I../Core/Inc -I../Drivers/STM32F1xx_HAL_Driver/Inc/Legacy -I../Drivers/STM32F1xx_HAL_Driver/Inc -I../Drivers/CMSIS/Device/ST/STM32F1xx/Include -I../Drivers/CMSIS/Include -O0 -ffunction-sections -fdata-sections -Wall -fstack-usage -MMD -MP -MF"Core/Src/led_display.d" -MT"Core/Src/led_display.o" --specs=nano.specs -mfloat-abi=soft -mthumb -o "Core/Src/led_display.o"
../Core/Src/led_display.c: In function 'display7SEG':
../Core/Src/led_display.c:10:3: error: 'GPIOB' undeclared (first use in this function)
   10 |   GPIOB->ODR |=
      |   ^~~~~
../Core/Src/led_display.c:10:3: note: each undeclared identifier is reported only once for each function it appears in
../Core/Src/led_display.c:11:3: warning: implicit declaration of function 'HAL_GPIO_WritePin' [-Wimplicit-function-declaration]
   11 |   HAL_GPIO_WritePin(GPIOB, GPIO_PIN_0, RESET);
      |   ^~~~~~~~~~~~~~~~~
../Core/Src/led_display.c:11:28: error: 'GPIO_PIN_0' undeclared (first use in this function)
   11 |   HAL_GPIO_WritePin(GPIOB, GPIO_PIN_0, RESET);
      |                            ^~~~~~~~~~
../Core/Src/led_display.c:11:40: error: 'RESET' undeclared (first use in this function)
   11 |   HAL_GPIO_WritePin(GPIOB, GPIO_PIN_0, RESET);
      |                                        ^~~~~
../Core/Src/led_display.c:12:28: error: 'GPIO_PIN_1' undeclared (first use in this function)
   12 |   HAL_GPIO_WritePin(GPIOB, GPIO_PIN_1, RESET);
      |                            ^~~~~~~~~~
../Core/Src/led_display.c:13:28: error: 'GPIO_PIN_2' undeclared (first use in this function)
   13 |   HAL_GPIO_WritePin(GPIOB, GPIO_PIN_2, RESET);
      |                            ^~~~~~~~~~
../Core/Src/led_display.c:14:28: error: 'GPIO_PIN_3' undeclared (first use in this function)
   14 |   HAL_GPIO_WritePin(GPIOB, GPIO_PIN_3, RESET);
      |                            ^~~~~~~~~~
../Core/Src/led_display.c:15:28: error: 'GPIO_PIN_4' undeclared (first use in this function)
   15 |   HAL_GPIO_WritePin(GPIOB, GPIO_PIN_4, RESET);
      |                            ^~~~~~~~~~
../Core/Src/led_display.c:16:28: error: 'GPIO_PIN_5' undeclared (first use in this function)
   16 |   HAL_GPIO_WritePin(GPIOB, GPIO_PIN_5, RESET);
      |                            ^~~~~~~~~~
../Core/Src/led_display.c:17:28: error: 'GPIO_PIN_6' undeclared (first use in this function)
   17 |   HAL_GPIO_WritePin(GPIOB, GPIO_PIN_6, SET);
      |                            ^~~~~~~~~~
../Core/Src/led_display.c:17:40: error: 'SET' undeclared (first use in this function)
   17 |   HAL_GPIO_WritePin(GPIOB, GPIO_PIN_6, SET);
      |                                        ^~~
make: *** [Core/Src/subdir.mk:46: Core/Src/led_display.o] Error 1
make: *** Waiting for unfinished jobs....
../Core/Src/input_reading.c:22:41: error: 'N0_OF_BUTTONS' undeclared here (not in a function); did you mean 'NO_OF_BUTTONS'?
   22 | static uint16_t counterForButtonPress1s[N0_OF_BUTTONS];
      |                                         ^~~~~~~~~~~~~
      |                                         NO_OF_BUTTONS
../Core/Src/input_reading.c: In function 'is_button_pressed':
../Core/Src/input_reading.c:58:23: error: 'i' undeclared (first use in this function)
   58 |  return (buttonBuffer[i] == BUTTON_IS_PRESSED);
      |                       ^
../Core/Src/input_reading.c:58:23: note: each undeclared identifier is reported only once for each function it appears in
../Core/Src/input_reading.c:59:1: warning: control reaches end of non-void function [-Wreturn-type]
   59 | }
      | ^
At top level:
../Core/Src/input_reading.c:22:17: warning: 'counterForButtonPress1s' defined but not used [-Wunused-variable]
   22 | static uint16_t counterForButtonPress1s[N0_OF_BUTTONS];
      |                 ^~~~~~~~~~~~~~~~~~~~~~~
make: *** [Core/Src/subdir.mk:46: Core/Src/input_reading.o] Error 1
"make -j4 all" terminated with exit code 2. Build might be incomplete.
01:01:09 **** Incremental Build of configuration Debug for project ex1 ****
make -j4 all 
arm-none-eabi-gcc "../Core/Src/input_reading.c" -mcpu=cortex-m3 -std=gnu11 -g3 -DDEBUG -DUSE_HAL_DRIVER -DSTM32F103x6 -c -I../Core/Inc -I../Drivers/STM32F1xx_HAL_Driver/Inc/Legacy -I../Drivers/STM32F1xx_HAL_Driver/Inc -I../Drivers/CMSIS/Device/ST/STM32F1xx/Include -I../Drivers/CMSIS/Include -O0 -ffunction-sections -fdata-sections -Wall -fstack-usage -MMD -MP -MF"Core/Src/input_reading.d" -MT"Core/Src/input_reading.o" --specs=nano.specs -mfloat-abi=soft -mthumb -o "Core/Src/input_reading.o"
arm-none-eabi-gcc "../Core/Src/led_display.c" -mcpu=cortex-m3 -std=gnu11 -g3 -DDEBUG -DUSE_HAL_DRIVER -DSTM32F103x6 -c -I../Core/Inc -I../Drivers/STM32F1xx_HAL_Driver/Inc/Legacy -I../Drivers/STM32F1xx_HAL_Driver/Inc -I../Drivers/CMSIS/Device/ST/STM32F1xx/Include -I../Drivers/CMSIS/Include -O0 -ffunction-sections -fdata-sections -Wall -fstack-usage -MMD -MP -MF"Core/Src/led_display.d" -MT"Core/Src/led_display.o" --specs=nano.specs -mfloat-abi=soft -mthumb -o "Core/Src/led_display.o"
../Core/Src/led_display.c: In function 'display7SEG':
../Core/Src/led_display.c:10:3: error: 'GPIOB' undeclared (first use in this function)
   10 |   GPIOB->ODR |=
      |   ^~~~~
../Core/Src/led_display.c:10:3: note: each undeclared identifier is reported only once for each function it appears in
../Core/Src/led_display.c:11:3: warning: implicit declaration of function 'HAL_GPIO_WritePin' [-Wimplicit-function-declaration]
   11 |   HAL_GPIO_WritePin(GPIOB, GPIO_PIN_0, RESET);
      |   ^~~~~~~~~~~~~~~~~
../Core/Src/led_display.c:11:28: error: 'GPIO_PIN_0' undeclared (first use in this function)
   11 |   HAL_GPIO_WritePin(GPIOB, GPIO_PIN_0, RESET);
      |                            ^~~~~~~~~~
../Core/Src/led_display.c:11:40: error: 'RESET' undeclared (first use in this function)
   11 |   HAL_GPIO_WritePin(GPIOB, GPIO_PIN_0, RESET);
      |                                        ^~~~~
../Core/Src/led_display.c:12:28: error: 'GPIO_PIN_1' undeclared (first use in this function)
   12 |   HAL_GPIO_WritePin(GPIOB, GPIO_PIN_1, RESET);
      |                            ^~~~~~~~~~
../Core/Src/led_display.c:13:28: error: 'GPIO_PIN_2' undeclared (first use in this function)
   13 |   HAL_GPIO_WritePin(GPIOB, GPIO_PIN_2, RESET);
      |                            ^~~~~~~~~~
../Core/Src/led_display.c:14:28: error: 'GPIO_PIN_3' undeclared (first use in this function)
   14 |   HAL_GPIO_WritePin(GPIOB, GPIO_PIN_3, RESET);
      |                            ^~~~~~~~~~
../Core/Src/led_display.c:15:28: error: 'GPIO_PIN_4' undeclared (first use in this function)
   15 |   HAL_GPIO_WritePin(GPIOB, GPIO_PIN_4, RESET);
      |                            ^~~~~~~~~~
../Core/Src/led_display.c:16:28: error: 'GPIO_PIN_5' undeclared (first use in this function)
   16 |   HAL_GPIO_WritePin(GPIOB, GPIO_PIN_5, RESET);
      |                            ^~~~~~~~~~
../Core/Src/led_display.c:17:28: error: 'GPIO_PIN_6' undeclared (first use in this function)
   17 |   HAL_GPIO_WritePin(GPIOB, GPIO_PIN_6, SET);
      |                            ^~~~~~~~~~
../Core/Src/led_display.c:17:40: error: 'SET' undeclared (first use in this function)
   17 |   HAL_GPIO_WritePin(GPIOB, GPIO_PIN_6, SET);
      |                                        ^~~
make: *** [Core/Src/subdir.mk:46: Core/Src/led_display.o] Error 1
make: *** Waiting for unfinished jobs....
../Core/Src/input_reading.c: In function 'is_button_pressed':
../Core/Src/input_reading.c:58:23: error: 'i' undeclared (first use in this function)
   58 |  return (buttonBuffer[i] == BUTTON_IS_PRESSED);
      |                       ^
../Core/Src/input_reading.c:58:23: note: each undeclared identifier is reported only once for each function it appears in
../Core/Src/input_reading.c:59:1: warning: control reaches end of non-void function [-Wreturn-type]
   59 | }
      | ^
make: *** [Core/Src/subdir.mk:46: Core/Src/input_reading.o] Error 1
"make -j4 all" terminated with exit code 2. Build might be incomplete.
01:03:43 **** Incremental Build of configuration Debug for project ex1 ****
make -j4 all 
arm-none-eabi-gcc "../Core/Src/input_reading.c" -mcpu=cortex-m3 -std=gnu11 -g3 -DDEBUG -DUSE_HAL_DRIVER -DSTM32F103x6 -c -I../Core/Inc -I../Drivers/STM32F1xx_HAL_Driver/Inc/Legacy -I../Drivers/STM32F1xx_HAL_Driver/Inc -I../Drivers/CMSIS/Device/ST/STM32F1xx/Include -I../Drivers/CMSIS/Include -O0 -ffunction-sections -fdata-sections -Wall -fstack-usage -MMD -MP -MF"Core/Src/input_reading.d" -MT"Core/Src/input_reading.o" --specs=nano.specs -mfloat-abi=soft -mthumb -o "Core/Src/input_reading.o"
arm-none-eabi-gcc "../Core/Src/led_display.c" -mcpu=cortex-m3 -std=gnu11 -g3 -DDEBUG -DUSE_HAL_DRIVER -DSTM32F103x6 -c -I../Core/Inc -I../Drivers/STM32F1xx_HAL_Driver/Inc/Legacy -I../Drivers/STM32F1xx_HAL_Driver/Inc -I../Drivers/CMSIS/Device/ST/STM32F1xx/Include -I../Drivers/CMSIS/Include -O0 -ffunction-sections -fdata-sections -Wall -fstack-usage -MMD -MP -MF"Core/Src/led_display.d" -MT"Core/Src/led_display.o" --specs=nano.specs -mfloat-abi=soft -mthumb -o "Core/Src/led_display.o"
../Core/Src/led_display.c: In function 'display7SEG':
../Core/Src/led_display.c:10:3: error: 'GPIOB' undeclared (first use in this function)
   10 |   GPIOB->ODR |=
      |   ^~~~~
../Core/Src/led_display.c:10:3: note: each undeclared identifier is reported only once for each function it appears in
../Core/Src/led_display.c:11:3: warning: implicit declaration of function 'HAL_GPIO_WritePin' [-Wimplicit-function-declaration]
   11 |   HAL_GPIO_WritePin(GPIOB, GPIO_PIN_0, RESET);
      |   ^~~~~~~~~~~~~~~~~
../Core/Src/led_display.c:11:28: error: 'GPIO_PIN_0' undeclared (first use in this function)
   11 |   HAL_GPIO_WritePin(GPIOB, GPIO_PIN_0, RESET);
      |                            ^~~~~~~~~~
../Core/Src/led_display.c:11:40: error: 'RESET' undeclared (first use in this function)
   11 |   HAL_GPIO_WritePin(GPIOB, GPIO_PIN_0, RESET);
      |                                        ^~~~~
../Core/Src/led_display.c:12:28: error: 'GPIO_PIN_1' undeclared (first use in this function)
   12 |   HAL_GPIO_WritePin(GPIOB, GPIO_PIN_1, RESET);
      |                            ^~~~~~~~~~
../Core/Src/led_display.c:13:28: error: 'GPIO_PIN_2' undeclared (first use in this function)
   13 |   HAL_GPIO_WritePin(GPIOB, GPIO_PIN_2, RESET);
      |                            ^~~~~~~~~~
../Core/Src/led_display.c:14:28: error: 'GPIO_PIN_3' undeclared (first use in this function)
   14 |   HAL_GPIO_WritePin(GPIOB, GPIO_PIN_3, RESET);
      |                            ^~~~~~~~~~
../Core/Src/led_display.c:15:28: error: 'GPIO_PIN_4' undeclared (first use in this function)
   15 |   HAL_GPIO_WritePin(GPIOB, GPIO_PIN_4, RESET);
      |                            ^~~~~~~~~~
../Core/Src/led_display.c:16:28: error: 'GPIO_PIN_5' undeclared (first use in this function)
   16 |   HAL_GPIO_WritePin(GPIOB, GPIO_PIN_5, RESET);
      |                            ^~~~~~~~~~
../Core/Src/led_display.c:17:28: error: 'GPIO_PIN_6' undeclared (first use in this function)
   17 |   HAL_GPIO_WritePin(GPIOB, GPIO_PIN_6, SET);
      |                            ^~~~~~~~~~
../Core/Src/led_display.c:17:40: error: 'SET' undeclared (first use in this function)
   17 |   HAL_GPIO_WritePin(GPIOB, GPIO_PIN_6, SET);
      |                                        ^~~
make: *** [Core/Src/subdir.mk:46: Core/Src/led_display.o] Error 1
make: *** Waiting for unfinished jobs....
"make -j4 all" terminated with exit code 2. Build might be incomplete.
01:11:26 **** Incremental Build of configuration Debug for project ex1 ****
make -j4 all 
arm-none-eabi-gcc "../Core/Src/led_display.c" -mcpu=cortex-m3 -std=gnu11 -g3 -DDEBUG -DUSE_HAL_DRIVER -DSTM32F103x6 -c -I../Core/Inc -I../Drivers/STM32F1xx_HAL_Driver/Inc/Legacy -I../Drivers/STM32F1xx_HAL_Driver/Inc -I../Drivers/CMSIS/Device/ST/STM32F1xx/Include -I../Drivers/CMSIS/Include -O0 -ffunction-sections -fdata-sections -Wall -fstack-usage -MMD -MP -MF"Core/Src/led_display.d" -MT"Core/Src/led_display.o" --specs=nano.specs -mfloat-abi=soft -mthumb -o "Core/Src/led_display.o"
arm-none-eabi-gcc -o "ex1.elf" @"objects.list"   -mcpu=cortex-m3 -T"F:\UNIVERSITY\HK221\VIXULY\LAB3\ex1\STM32F103C6UX_FLASH.ld" --specs=nosys.specs -Wl,-Map="ex1.map" -Wl,--gc-sections -static --specs=nano.specs -mfloat-abi=soft -mthumb -Wl,--start-group -lc -lm -Wl,--end-group
c:\st\stm32cubeide_1.7.0\stm32cubeide\plugins\com.st.stm32cube.ide.mcu.externaltools.gnu-tools-for-stm32.10.3-2021.10.win32_1.0.0.202111181127\tools\arm-none-eabi\bin\ld.exe: ./Core/Src/timer.o: in function `HAL_TIM_PeriodElapsedCallback':
F:/UNIVERSITY/HK221/VIXULY/LAB3/ex1/Debug/../Core/Src/timer.c:41: undefined reference to `timer_run'
collect2.exe: error: ld returned 1 exit status
make: *** [makefile:64: ex1.elf] Error 1
"make -j4 all" terminated with exit code 2. Build might be incomplete.
01:11:45 **** Incremental Build of configuration Debug for project ex1 ****
make -j4 all 
arm-none-eabi-gcc "../Core/Src/timer.c" -mcpu=cortex-m3 -std=gnu11 -g3 -DDEBUG -DUSE_HAL_DRIVER -DSTM32F103x6 -c -I../Core/Inc -I../Drivers/STM32F1xx_HAL_Driver/Inc/Legacy -I../Drivers/STM32F1xx_HAL_Driver/Inc -I../Drivers/CMSIS/Device/ST/STM32F1xx/Include -I../Drivers/CMSIS/Include -O0 -ffunction-sections -fdata-sections -Wall -fstack-usage -MMD -MP -MF"Core/Src/timer.d" -MT"Core/Src/timer.o" --specs=nano.specs -mfloat-abi=soft -mthumb -o "Core/Src/timer.o"
[...]
arm-none-eabi-gcc -o "ex1.elf" @"objects.list"   -mcpu=cortex-m3 -T"F:\UNIVERSITY\HK221\VIXULY\LAB3\ex1\STM32F103C6UX_FLASH.ld" --specs=nosys.specs -Wl,-Map="ex1.map" -Wl,--gc-sections -static --specs=nano.specs -mfloat-abi=soft -mthumb -Wl,--start-group -lc -lm -Wl,--end-group
Finished building target: ex1.elf
 
arm-none-eabi-size   ex1.elf 
arm-none-eabi-objdump -h -S  ex1.elf  > "ex1.list"
arm-none-eabi-objcopy  -O ihex  ex1.elf  "ex1.hex"
   text	   data	    bss	    dec	    hex	filename
  11384	     88	   1688	  13160	   3368	ex1.elf
Finished building: default.size.stdout
 
Finished building: ex1.hex
 
Finished building: ex1.list
 
17:46:40 **** Incremental Build of configuration Debug for project ex1 ****
make -j4 all 
arm-none-eabi-gcc "../Core/Src/main.c" -mcpu=cortex-m3 -std=gnu11 -g3 -DDEBUG -DUSE_HAL_DRIVER -DSTM32F103x6 -c -I../Core/Inc -I../Drivers/STM32F1xx_HAL_Driver/Inc/Legacy -I../Drivers/STM32F1xx_HAL_Driver/Inc -I../Drivers/CMSIS/Device/ST/STM32F1xx/Include -I../Drivers/CMSIS/Include -O0 -ffunction-sections -fdata-sections -Wall -fstack-usage -MMD -MP -MF"Core/Src/main.d" -MT"Core/Src/main.o" --specs=nano.specs -mfloat-abi=soft -mthumb -o "Core/Src/main.o"
arm-none-eabi-gcc -o "ex1.elf" @"objects.list"   -mcpu=cortex-m3 -T"F:\UNIVERSITY\HK221\VIXULY\LAB3\ex1\STM32F103C6UX_FLASH.ld" --specs=nosys.specs -Wl,-Map="ex1.map" -Wl,--gc-sections -static --specs=nano.specs -mfloat-abi=soft -mthumb -Wl,--start-group -lc -lm -Wl,--end-group
Finished building target: ex1.elf
 
arm-none-eabi-size   ex1.elf 
arm-none-eabi-objdump -h -S  ex1.elf  > "ex1.list"
arm-none-eabi-objcopy  -O ihex  ex1.elf  "ex1.hex"
   text	   data	    bss	    dec	    hex	filename
  11384	     88	   1688	  13160	   3368	ex1.elf
Finished building: default.size.stdout
 
Finished building: ex1.hex
 
Finished building: ex1.list
 
17:47:08 **** Incremental Build of configuration Debug for project ex1 ****
make -j4 all 
arm-none-eabi-gcc "../Core/Src/main.c" -mcpu=cortex-m3 -std=gnu11 -g3 -DDEBUG -DUSE_HAL_DRIVER -DSTM32F103x6 -c -I../Core/Inc -I../Drivers/STM32F1xx_HAL_Driver/Inc/Legacy -I../Drivers/STM32F1xx_HAL_Driver/Inc -I../Drivers/CMSIS/Device/ST/STM32F1xx/Include -I../Drivers/CMSIS/Include -O0 -ffunction-sections -fdata-sections -Wall -fstack-usage -MMD -MP -MF"Core/Src/main.d" -MT"Core/Src/main.o" --specs=nano.specs -mfloat-abi=soft -mthumb -o "Core/Src/main.o"
arm-none-eabi-gcc -o "ex1.elf" @"objects.list"   -mcpu=cortex-m3 -T"F:\UNIVERSITY\HK221\VIXULY\LAB3\ex1\STM32F103C6UX_FLASH.ld" --specs=nosys.specs -Wl,-Map="ex1.map" -Wl,--gc-sections -static --specs=nano.specs -mfloat-abi=soft -mthumb -Wl,--start-group -lc -lm -Wl,--end-group
Finished building target: ex1.elf
 
arm-none-eabi-size   ex1.elf 
arm-none-eabi-objdump -h -S  ex1.elf  > "ex1.list"
arm-none-eabi-objcopy  -O ihex  ex1.elf  "ex1.hex"
   text	   data	    bss	    dec	    hex	filename
  11384	     88	   1688	  13160	   3368	ex1.elf
Finished building: default.size.stdout
 
Finished building: ex1.hex
 
Finished building: ex1.list
 
17:47:11 **** Incremental Build of configuration Debug for project ex1 ****
make -j4 all 
arm-none-eabi-gcc "../Core/Src/main.c" -mcpu=cortex-m3 -std=gnu11 -g3 -DDEBUG -DUSE_HAL_DRIVER -DSTM32F103x6 -c -I../Core/Inc -I../Drivers/STM32F1xx_HAL_Driver/Inc/Legacy -I../Drivers/STM32F1xx_HAL_Driver/Inc -I../Drivers/CMSIS/Device/ST/STM32F1xx/Include -I../Drivers/CMSIS/Include -O0 -ffunction-sections -fdata-sections -Wall -fstack-usage -MMD -MP -MF"Core/Src/main.d" -MT"Core/Src/main.o" --specs=nano.specs -mfloat-abi=soft -mthumb -o "Core/Src/main.o"
../Core/Src/main.c: In function 'main':
../Core/Src/main.c:92:3: error: 'status' undeclared (first use in this function); did you mean 'ITStatus'?
   92 |   status = INIT;
      |   ^~~~~~
      |   ITStatus
../Core/Src/main.c:92:3: note: each undeclared identifier is reported only once for each function it appears in
../Core/Src/main.c:92:12: error: 'INIT' undeclared (first use in this function)
   92 |   status = INIT;
      |            ^~~~
../Core/Src/main.c:93:3: error: 'mode' undeclared (first use in this function)
   93 |   mode = 1;
      |   ^~~~
../Core/Src/main.c:101:4: warning: implicit declaration of function 'fsm_automatic_run' [-Wimplicit-function-declaration]
  101 |    fsm_automatic_run();
      |    ^~~~~~~~~~~~~~~~~
../Core/Src/main.c:102:4: warning: implicit declaration of function 'fsm_manual_run' [-Wimplicit-function-declaration]
  102 |    fsm_manual_run();
      |    ^~~~~~~~~~~~~~
make: *** [Core/Src/subdir.mk:58: Core/Src/main.o] Error 1
"make -j4 all" terminated with exit code 2. Build might be incomplete.
17:47:23 **** Incremental Build of configuration Debug for project ex1 ****
make -j4 all 
arm-none-eabi-gcc "../Core/Src/main.c" -mcpu=cortex-m3 -std=gnu11 -g3 -DDEBUG -DUSE_HAL_DRIVER -DSTM32F103x6 -c -I../Core/Inc -I../Drivers/STM32F1xx_HAL_Driver/Inc/Legacy -I../Drivers/STM32F1xx_HAL_Driver/Inc -I../Drivers/CMSIS/Device/ST/STM32F1xx/Include -I../Drivers/CMSIS/Include -O0 -ffunction-sections -fdata-sections -Wall -fstack-usage -MMD -MP -MF"Core/Src/main.d" -MT"Core/Src/main.o" --specs=nano.specs -mfloat-abi=soft -mthumb -o "Core/Src/main.o"
arm-none-eabi-gcc -o "ex1.elf" @"objects.list"   -mcpu=cortex-m3 -T"F:\UNIVERSITY\HK221\VIXULY\LAB3\ex1\STM32F103C6UX_FLASH.ld" --specs=nosys.specs -Wl,-Map="ex1.map" -Wl,--gc-sections -static --specs=nano.specs -mfloat-abi=soft -mthumb -Wl,--start-group -lc -lm -Wl,--end-group
Finished building target: ex1.elf
 
arm-none-eabi-size   ex1.elf 
arm-none-eabi-objdump -h -S  ex1.elf  > "ex1.list"
arm-none-eabi-objcopy  -O ihex  ex1.elf  "ex1.hex"
   text	   data	    bss	    dec	    hex	filename
  11384	     88	   1688	  13160	   3368	ex1.elf
Finished building: default.size.stdout
 
Finished building: ex1.hex
 
Finished building: ex1.list
 
18:06:17 **** Incremental Build of configuration Debug for project ex1 ****
make -j4 all 
arm-none-eabi-gcc "../Core/Src/button.c" -mcpu=cortex-m3 -std=gnu11 -g3 -DDEBUG -DUSE_HAL_DRIVER -DSTM32F103x6 -c -I../Core/Inc -I../Drivers/STM32F1xx_HAL_Driver/Inc/Legacy -I../Drivers/STM32F1xx_HAL_Driver/Inc -I../Drivers/CMSIS/Device/ST/STM32F1xx/Include -I../Drivers/CMSIS/Include -O0 -ffunction-sections -fdata-sections -Wall -fstack-usage -MMD -MP -MF"Core/Src/button.d" -MT"Core/Src/button.o" --specs=nano.specs -mfloat-abi=soft -mthumb -o "Core/Src/button.o"
arm-none-eabi-gcc "../Core/Src/fsm_automatic.c" -mcpu=cortex-m3 -std=gnu11 -g3 -DDEBUG -DUSE_HAL_DRIVER -DSTM32F103x6 -c -I../Core/Inc -I../Drivers/STM32F1xx_HAL_Driver/Inc/Legacy -I../Drivers/STM32F1xx_HAL_Driver/Inc -I../Drivers/CMSIS/Device/ST/STM32F1xx/Include -I../Drivers/CMSIS/Include -O0 -ffunction-sections -fdata-sections -Wall -fstack-usage -MMD -MP -MF"Core/Src/fsm_automatic.d" -MT"Core/Src/fsm_automatic.o" --specs=nano.specs -mfloat-abi=soft -mthumb -o "Core/Src/fsm_automatic.o"
arm-none-eabi-gcc "../Core/Src/fsm_manual.c" -mcpu=cortex-m3 -std=gnu11 -g3 -DDEBUG -DUSE_HAL_DRIVER -DSTM32F103x6 -c -I../Core/Inc -I../Drivers/STM32F1xx_HAL_Driver/Inc/Legacy -I../Drivers/STM32F1xx_HAL_Driver/Inc -I../Drivers/CMSIS/Device/ST/STM32F1xx/Include -I../Drivers/CMSIS/Include -O0 -ffunction-sections -fdata-sections -Wall -fstack-usage -MMD -MP -MF"Core/Src/fsm_manual.d" -MT"Core/Src/fsm_manual.o" --specs=nano.specs -mfloat-abi=soft -mthumb -o "Core/Src/fsm_manual.o"
arm-none-eabi-gcc "../Core/Src/global.c" -mcpu=cortex-m3 -std=gnu11 -g3 -DDEBUG -DUSE_HAL_DRIVER -DSTM32F103x6 -c -I../Core/Inc -I../Drivers/STM32F1xx_HAL_Driver/Inc/Legacy -I../Drivers/STM32F1xx_HAL_Driver/Inc -I../Drivers/CMSIS/Device/ST/STM32F1xx/Include -I../Drivers/CMSIS/Include -O0 -ffunction-sections -fdata-sections -Wall -fstack-usage -MMD -MP -MF"Core/Src/global.d" -MT"Core/Src/global.o" --specs=nano.specs -mfloat-abi=soft -mthumb -o "Core/Src/global.o"
arm-none-eabi-gcc "../Core/Src/input_processing.c" -mcpu=cortex-m3 -std=gnu11 -g3 -DDEBUG -DUSE_HAL_DRIVER -DSTM32F103x6 -c -I../Core/Inc -I../Drivers/STM32F1xx_HAL_Driver/Inc/Legacy -I../Drivers/STM32F1xx_HAL_Driver/Inc -I../Drivers/CMSIS/Device/ST/STM32F1xx/Include -I../Drivers/CMSIS/Include -O0 -ffunction-sections -fdata-sections -Wall -fstack-usage -MMD -MP -MF"Core/Src/input_processing.d" -MT"Core/Src/input_processing.o" --specs=nano.specs -mfloat-abi=soft -mthumb -o "Core/Src/input_processing.o"
arm-none-eabi-gcc "../Core/Src/led_display.c" -mcpu=cortex-m3 -std=gnu11 -g3 -DDEBUG -DUSE_HAL_DRIVER -DSTM32F103x6 -c -I../Core/Inc -I../Drivers/STM32F1xx_HAL_Driver/Inc/Legacy -I../Drivers/STM32F1xx_HAL_Driver/Inc -I../Drivers/CMSIS/Device/ST/STM32F1xx/Include -I../Drivers/CMSIS/Include -O0 -ffunction-sections -fdata-sections -Wall -fstack-usage -MMD -MP -MF"Core/Src/led_display.d" -MT"Core/Src/led_display.o" --specs=nano.specs -mfloat-abi=soft -mthumb -o "Core/Src/led_display.o"
arm-none-eabi-gcc "../Core/Src/main.c" -mcpu=cortex-m3 -std=gnu11 -g3 -DDEBUG -DUSE_HAL_DRIVER -DSTM32F103x6 -c -I../Core/Inc -I../Drivers/STM32F1xx_HAL_Driver/Inc/Legacy -I../Drivers/STM32F1xx_HAL_Driver/Inc -I../Drivers/CMSIS/Device/ST/STM32F1xx/Include -I../Drivers/CMSIS/Include -O0 -ffunction-sections -fdata-sections -Wall -fstack-usage -MMD -MP -MF"Core/Src/main.d" -MT"Core/Src/main.o" --specs=nano.specs -mfloat-abi=soft -mthumb -o "Core/Src/main.o"
arm-none-eabi-gcc "../Core/Src/timer.c" -mcpu=cortex-m3 -std=gnu11 -g3 -DDEBUG -DUSE_HAL_DRIVER -DSTM32F103x6 -c -I../Core/Inc -I../Drivers/STM32F1xx_HAL_Driver/Inc/Legacy -I../Drivers/STM32F1xx_HAL_Driver/Inc -I../Drivers/CMSIS/Device/ST/STM32F1xx/Include -I../Drivers/CMSIS/Include -O0 -ffunction-sections -fdata-sections -Wall -fstack-usage -MMD -MP -MF"Core/Src/timer.d" -MT"Core/Src/timer.o" --specs=nano.specs -mfloat-abi=soft -mthumb -o "Core/Src/timer.o"
arm-none-eabi-gcc -o "ex1.elf" @"objects.list"   -mcpu=cortex-m3 -T"F:\UNIVERSITY\HK221\VIXULY\LAB3\ex1\STM32F103C6UX_FLASH.ld" --specs=nosys.specs -Wl,-Map="ex1.map" -Wl,--gc-sections -static --specs=nano.specs -mfloat-abi=soft -mthumb -Wl,--start-group -lc -lm -Wl,--end-group
Finished building target: ex1.elf
 
arm-none-eabi-size   ex1.elf 
arm-none-eabi-objdump -h -S  ex1.elf  > "ex1.list"
arm-none-eabi-objcopy  -O ihex  ex1.elf  "ex1.hex"
   text	   data	    bss	    dec	    hex	filename
  11304	     88	   1688	  13080	   3318	ex1.elf
Finished building: default.size.stdout
 
Finished building: ex1.hex
 
Finished building: ex1.list
 
18:09:06 **** Incremental Build of configuration Debug for project ex1 ****
make -j4 all 
arm-none-eabi-gcc "../Core/Src/fsm_automatic.c" -mcpu=cortex-m3 -std=gnu11 -g3 -DDEBUG -DUSE_HAL_DRIVER -DSTM32F103x6 -c -I../Core/Inc -I../Drivers/STM32F1xx_HAL_Driver/Inc/Legacy -I../Drivers/STM32F1xx_HAL_Driver/Inc -I../Drivers/CMSIS/Device/ST/STM32F1xx/Include -I../Drivers/CMSIS/Include -O0 -ffunction-sections -fdata-sections -Wall -fstack-usage -MMD -MP -MF"Core/Src/fsm_automatic.d" -MT"Core/Src/fsm_automatic.o" --specs=nano.specs -mfloat-abi=soft -mthumb -o "Core/Src/fsm_automatic.o"
arm-none-eabi-gcc "../Core/Src/fsm_manual.c" -mcpu=cortex-m3 -std=gnu11 -g3 -DDEBUG -DUSE_HAL_DRIVER -DSTM32F103x6 -c -I../Core/Inc -I../Drivers/STM32F1xx_HAL_Driver/Inc/Legacy -I../Drivers/STM32F1xx_HAL_Driver/Inc -I../Drivers/CMSIS/Device/ST/STM32F1xx/Include -I../Drivers/CMSIS/Include -O0 -ffunction-sections -fdata-sections -Wall -fstack-usage -MMD -MP -MF"Core/Src/fsm_manual.d" -MT"Core/Src/fsm_manual.o" --specs=nano.specs -mfloat-abi=soft -mthumb -o "Core/Src/fsm_manual.o"
arm-none-eabi-gcc -o "ex1.elf" @"objects.list"   -mcpu=cortex-m3 -T"F:\UNIVERSITY\HK221\VIXULY\LAB3\ex1\STM32F103C6UX_FLASH.ld" --specs=nosys.specs -Wl,-Map="ex1.map" -Wl,--gc-sections -static --specs=nano.specs -mfloat-abi=soft -mthumb -Wl,--start-group -lc -lm -Wl,--end-group
Finished building target: ex1.elf
 
arm-none-eabi-size   ex1.elf 
arm-none-eabi-objdump -h -S  ex1.elf  > "ex1.list"
arm-none-eabi-objcopy  -O ihex  ex1.elf  "ex1.hex"
   text	   data	    bss	    dec	    hex	filename
  10988	     88	   1688	  12764	   31dc	ex1.elf
Finished building: default.size.stdout
 
Finished building: ex1.hex
 
Finished building: ex1.list
 
18:12:16 **** Incremental Build of configuration Debug for project ex1 ****
make -j4 all 
arm-none-eabi-gcc "../Core/Src/button.c" -mcpu=cortex-m3 -std=gnu11 -g3 -DDEBUG -DUSE_HAL_DRIVER -DSTM32F103x6 -c -I../Core/Inc -I../Drivers/STM32F1xx_HAL_Driver/Inc/Legacy -I../Drivers/STM32F1xx_HAL_Driver/Inc -I../Drivers/CMSIS/Device/ST/STM32F1xx/Include -I../Drivers/CMSIS/Include -O0 -ffunction-sections -fdata-sections -Wall -fstack-usage -MMD -MP -MF"Core/Src/button.d" -MT"Core/Src/button.o" --specs=nano.specs -mfloat-abi=soft -mthumb -o "Core/Src/button.o"
arm-none-eabi-gcc "../Core/Src/fsm_automatic.c" -mcpu=cortex-m3 -std=gnu11 -g3 -DDEBUG -DUSE_HAL_DRIVER -DSTM32F103x6 -c -I../Core/Inc -I../Drivers/STM32F1xx_HAL_Driver/Inc/Legacy -I../Drivers/STM32F1xx_HAL_Driver/Inc -I../Drivers/CMSIS/Device/ST/STM32F1xx/Include -I../Drivers/CMSIS/Include -O0 -ffunction-sections -fdata-sections -Wall -fstack-usage -MMD -MP -MF"Core/Src/fsm_automatic.d" -MT"Core/Src/fsm_automatic.o" --specs=nano.specs -mfloat-abi=soft -mthumb -o "Core/Src/fsm_automatic.o"
arm-none-eabi-gcc "../Core/Src/fsm_manual.c" -mcpu=cortex-m3 -std=gnu11 -g3 -DDEBUG -DUSE_HAL_DRIVER -DSTM32F103x6 -c -I../Core/Inc -I../Drivers/STM32F1xx_HAL_Driver/Inc/Legacy -I../Drivers/STM32F1xx_HAL_Driver/Inc -I../Drivers/CMSIS/Device/ST/STM32F1xx/Include -I../Drivers/CMSIS/Include -O0 -ffunction-sections -fdata-sections -Wall -fstack-usage -MMD -MP -MF"Core/Src/fsm_manual.d" -MT"Core/Src/fsm_manual.o" --specs=nano.specs -mfloat-abi=soft -mthumb -o "Core/Src/fsm_manual.o"
arm-none-eabi-gcc -o "ex1.elf" @"objects.list"   -mcpu=cortex-m3 -T"F:\UNIVERSITY\HK221\VIXULY\LAB3\ex1\STM32F103C6UX_FLASH.ld" --specs=nosys.specs -Wl,-Map="ex1.map" -Wl,--gc-sections -static --specs=nano.specs -mfloat-abi=soft -mthumb -Wl,--start-group -lc -lm -Wl,--end-group
c:\st\stm32cubeide_1.7.0\stm32cubeide\plugins\com.st.stm32cube.ide.mcu.externaltools.gnu-tools-for-stm32.10.3-2021.10.win32_1.0.0.202111181127\tools\arm-none-eabi\bin\ld.exe: ./Core/Src/button.o: in function `areButtonsPressed':
F:/UNIVERSITY/HK221/VIXULY/LAB3/ex1/Debug/../Core/Src/button.c:90: undefined reference to `value'
c:\st\stm32cubeide_1.7.0\stm32cubeide\plugins\com.st.stm32cube.ide.mcu.externaltools.gnu-tools-for-stm32.10.3-2021.10.win32_1.0.0.202111181127\tools\arm-none-eabi\bin\ld.exe: ./Core/Src/fsm_manual.o: in function `fsm_manual_run':
F:/UNIVERSITY/HK221/VIXULY/LAB3/ex1/Debug/../Core/Src/fsm_manual.c:62: undefined reference to `value'
collect2.exe: error: ld returned 1 exit status
make: *** [makefile:67: ex1.elf] Error 1
"make -j4 all" terminated with exit code 2. Build might be incomplete.
18:13:42 **** Incremental Build of configuration Debug for project ex1 ****
make -j4 all 
arm-none-eabi-gcc "../Core/Src/fsm_manual.c" -mcpu=cortex-m3 -std=gnu11 -g3 -DDEBUG -DUSE_HAL_DRIVER -DSTM32F103x6 -c -I../Core/Inc -I../Drivers/STM32F1xx_HAL_Driver/Inc/Legacy -I../Drivers/STM32F1xx_HAL_Driver/Inc -I../Drivers/CMSIS/Device/ST/STM32F1xx/Include -I../Drivers/CMSIS/Include -O0 -ffunction-sections -fdata-sections -Wall -fstack-usage -MMD -MP -MF"Core/Src/fsm_manual.d" -MT"Core/Src/fsm_manual.o" --specs=nano.specs -mfloat-abi=soft -mthumb -o "Core/Src/fsm_manual.o"
arm-none-eabi-gcc "../Core/Src/main.c" -mcpu=cortex-m3 -std=gnu11 -g3 -DDEBUG -DUSE_HAL_DRIVER -DSTM32F103x6 -c -I../Core/Inc -I../Drivers/STM32F1xx_HAL_Driver/Inc/Legacy -I../Drivers/STM32F1xx_HAL_Driver/Inc -I../Drivers/CMSIS/Device/ST/STM32F1xx/Include -I../Drivers/CMSIS/Include -O0 -ffunction-sections -fdata-sections -Wall -fstack-usage -MMD -MP -MF"Core/Src/main.d" -MT"Core/Src/main.o" --specs=nano.specs -mfloat-abi=soft -mthumb -o "Core/Src/main.o"
arm-none-eabi-gcc -o "ex1.elf" @"objects.list"   -mcpu=cortex-m3 -T"F:\UNIVERSITY\HK221\VIXULY\LAB3\ex1\STM32F103C6UX_FLASH.ld" --specs=nosys.specs -Wl,-Map="ex1.map" -Wl,--gc-sections -static --specs=nano.specs -mfloat-abi=soft -mthumb -Wl,--start-group -lc -lm -Wl,--end-group
c:\st\stm32cubeide_1.7.0\stm32cubeide\plugins\com.st.stm32cube.ide.mcu.externaltools.gnu-tools-for-stm32.10.3-2021.10.win32_1.0.0.202111181127\tools\arm-none-eabi\bin\ld.exe: ./Core/Src/button.o: in function `areButtonsPressed':
F:/UNIVERSITY/HK221/VIXULY/LAB3/ex1/Debug/../Core/Src/button.c:90: undefined reference to `value'
c:\st\stm32cubeide_1.7.0\stm32cubeide\plugins\com.st.stm32cube.ide.mcu.externaltools.gnu-tools-for-stm32.10.3-2021.10.win32_1.0.0.202111181127\tools\arm-none-eabi\bin\ld.exe: ./Core/Src/fsm_manual.o: in function `fsm_manual_run':
F:/UNIVERSITY/HK221/VIXULY/LAB3/ex1/Debug/../Core/Src/fsm_manual.c:61: undefined reference to `value'
c:\st\stm32cubeide_1.7.0\stm32cubeide\plugins\com.st.stm32cube.ide.mcu.externaltools.gnu-tools-for-stm32.10.3-2021.10.win32_1.0.0.202111181127\tools\arm-none-eabi\bin\ld.exe: ./Core/Src/main.o: in function `main':
F:/UNIVERSITY/HK221/VIXULY/LAB3/ex1/Debug/../Core/Src/main.c:102: undefined reference to `value'
collect2.exe: error: ld returned 1 exit status
make: *** [makefile:67: ex1.elf] Error 1
"make -j4 all" terminated with exit code 2. Build might be incomplete.
18:14:18 **** Incremental Build of configuration Debug for project ex1 ****
make -j4 all 
arm-none-eabi-gcc "../Core/Src/global.c" -mcpu=cortex-m3 -std=gnu11 -g3 -DDEBUG -DUSE_HAL_DRIVER -DSTM32F103x6 -c -I../Core/Inc -I../Drivers/STM32F1xx_HAL_Driver/Inc/Legacy -I../Drivers/STM32F1xx_HAL_Driver/Inc -I../Drivers/CMSIS/Device/ST/STM32F1xx/Include -I../Drivers/CMSIS/Include -O0 -ffunction-sections -fdata-sections -Wall -fstack-usage -MMD -MP -MF"Core/Src/global.d" -MT"Core/Src/global.o" --specs=nano.specs -mfloat-abi=soft -mthumb -o "Core/Src/global.o"
arm-none-eabi-gcc -o "ex1.elf" @"objects.list"   -mcpu=cortex-m3 -T"F:\UNIVERSITY\HK221\VIXULY\LAB3\ex1\STM32F103C6UX_FLASH.ld" --specs=nosys.specs -Wl,-Map="ex1.map" -Wl,--gc-sections -static --specs=nano.specs -mfloat-abi=soft -mthumb -Wl,--start-group -lc -lm -Wl,--end-group
Finished building target: ex1.elf
 
arm-none-eabi-size   ex1.elf 
arm-none-eabi-objdump -h -S  ex1.elf  > "ex1.list"
arm-none-eabi-objcopy  -O ihex  ex1.elf  "ex1.hex"
   text	   data	    bss	    dec	    hex	filename
  10980	     88	   1688	  12756	   31d4	ex1.elf
Finished building: default.size.stdout
 
Finished building: ex1.hex
 
Finished building: ex1.list
 
18:14:26 **** Incremental Build of configuration Debug for project ex1 ****
make -j4 all 
arm-none-eabi-gcc "../Core/Src/main.c" -mcpu=cortex-m3 -std=gnu11 -g3 -DDEBUG -DUSE_HAL_DRIVER -DSTM32F103x6 -c -I../Core/Inc -I../Drivers/STM32F1xx_HAL_Driver/Inc/Legacy -I../Drivers/STM32F1xx_HAL_Driver/Inc -I../Drivers/CMSIS/Device/ST/STM32F1xx/Include -I../Drivers/CMSIS/Include -O0 -ffunction-sections -fdata-sections -Wall -fstack-usage -MMD -MP -MF"Core/Src/main.d" -MT"Core/Src/main.o" --specs=nano.specs -mfloat-abi=soft -mthumb -o "Core/Src/main.o"
arm-none-eabi-gcc -o "ex1.elf" @"objects.list"   -mcpu=cortex-m3 -T"F:\UNIVERSITY\HK221\VIXULY\LAB3\ex1\STM32F103C6UX_FLASH.ld" --specs=nosys.specs -Wl,-Map="ex1.map" -Wl,--gc-sections -static --specs=nano.specs -mfloat-abi=soft -mthumb -Wl,--start-group -lc -lm -Wl,--end-group
Finished building target: ex1.elf
 
arm-none-eabi-size   ex1.elf 
arm-none-eabi-objdump -h -S  ex1.elf  > "ex1.list"
arm-none-eabi-objcopy  -O ihex  ex1.elf  "ex1.hex"
   text	   data	    bss	    dec	    hex	filename
  10968	     88	   1688	  12744	   31c8	ex1.elf
Finished building: default.size.stdout
 
Finished building: ex1.hex
 
Finished building: ex1.list
 
